Archive member included to satisfy reference by file (symbol)

../Middlewares/ST/AI/Lib/NetworkRuntime900_CM4_GCC.a(ai_platform.o)
                              ./X-CUBE-AI/App/nlp.o (ai_buffer_array_item_set_address)
../Middlewares/ST/AI/Lib/NetworkRuntime900_CM4_GCC.a(ai_platform_interface.o)
                              ./X-CUBE-AI/App/nlp.o (ai_platform_get_weights_map)
../Middlewares/ST/AI/Lib/NetworkRuntime900_CM4_GCC.a(core_common.o)
                              ../Middlewares/ST/AI/Lib/NetworkRuntime900_CM4_GCC.a(ai_platform_interface.o) (core_init)
../Middlewares/ST/AI/Lib/NetworkRuntime900_CM4_GCC.a(core_mem_manager.o)
                              ../Middlewares/ST/AI/Lib/NetworkRuntime900_CM4_GCC.a(ai_platform_interface.o) (core_mem_alloc)
../Middlewares/ST/AI/Lib/NetworkRuntime900_CM4_GCC.a(layers.o)
                              ../Middlewares/ST/AI/Lib/NetworkRuntime900_CM4_GCC.a(ai_platform_interface.o) (ai_check_custom_types)
../Middlewares/ST/AI/Lib/NetworkRuntime900_CM4_GCC.a(layers_conv2d_generic_float.o)
                              ./X-CUBE-AI/App/nlp.o (forward_dense)
../Middlewares/ST/AI/Lib/NetworkRuntime900_CM4_GCC.a(layers_nl_generic_float.o)
                              ./X-CUBE-AI/App/nlp.o (forward_sigmoid)
../Middlewares/ST/AI/Lib/NetworkRuntime900_CM4_GCC.a(layers_conv2d_integer_scratch.o)
                              ../Middlewares/ST/AI/Lib/NetworkRuntime900_CM4_GCC.a(layers.o) (get_conv2d_scratch_size)
../Middlewares/ST/AI/Lib/NetworkRuntime900_CM4_GCC.a(forward_lite_conv2d_if32of32wf32.o)
                              ../Middlewares/ST/AI/Lib/NetworkRuntime900_CM4_GCC.a(layers_conv2d_generic_float.o) (forward_lite_conv2d_if32of32wf32)
../Middlewares/ST/AI/Lib/NetworkRuntime900_CM4_GCC.a(lite_nl_softmax_if32of32.o)
                              ../Middlewares/ST/AI/Lib/NetworkRuntime900_CM4_GCC.a(layers_nl_generic_float.o) (forward_lite_nl_softmax_if32of32_kernel)
../Middlewares/ST/AI/Lib/NetworkRuntime900_CM4_GCC.a(lite_nl_relu_if32of32.o)
                              ../Middlewares/ST/AI/Lib/NetworkRuntime900_CM4_GCC.a(layers_nl_generic_float.o) (forward_lite_nl_prelu_if32of32_kernel)
../Middlewares/ST/AI/Lib/NetworkRuntime900_CM4_GCC.a(lite_dense_if32.o)
                              ../Middlewares/ST/AI/Lib/NetworkRuntime900_CM4_GCC.a(layers_conv2d_generic_float.o) (forward_lite_dense_if32of32wf32)
../Middlewares/ST/AI/Lib/NetworkRuntime900_CM4_GCC.a(st_int8_fill.o)
                              ../Middlewares/ST/AI/Lib/NetworkRuntime900_CM4_GCC.a(layers_nl_generic_float.o) (st_int8_fill)
../Middlewares/ST/AI/Lib/NetworkRuntime900_CM4_GCC.a(ai_math_helpers.o)
                              ../Middlewares/ST/AI/Lib/NetworkRuntime900_CM4_GCC.a(layers_nl_generic_float.o) (ai_math_sqrt)
../Middlewares/ST/AI/Lib/NetworkRuntime900_CM4_GCC.a(ai_datatypes_format.o)
                              ../Middlewares/ST/AI/Lib/NetworkRuntime900_CM4_GCC.a(ai_platform_interface.o) (ai_array_to_buffer_fmt)
../Middlewares/ST/AI/Lib/NetworkRuntime900_CM4_GCC.a(ai_datatypes_internal.o)
                              ../Middlewares/ST/AI/Lib/NetworkRuntime900_CM4_GCC.a(ai_platform_interface.o) (ai_version_get)
../Middlewares/ST/AI/Lib/NetworkRuntime900_CM4_GCC.a(ai_math_elementwise_mul_int8.o)
                              ../Middlewares/ST/AI/Lib/NetworkRuntime900_CM4_GCC.a(ai_math_helpers.o) (ai_math_elementwise_mul_int8)
../Middlewares/ST/AI/Lib/NetworkRuntime900_CM4_GCC.a(ai_math_elementwise_sum_int8.o)
                              ../Middlewares/ST/AI/Lib/NetworkRuntime900_CM4_GCC.a(ai_math_helpers.o) (ai_math_elementwise_sum_int8)
../Middlewares/ST/AI/Lib/NetworkRuntime900_CM4_GCC.a(st_align_factor.o)
                              ../Middlewares/ST/AI/Lib/NetworkRuntime900_CM4_GCC.a(ai_math_helpers.o) (align_factor)
/Applications/STM32CubeIDE.app/Contents/Eclipse/plugins/com.st.stm32cube.ide.mcu.externaltools.gnu-tools-for-stm32.12.3.rel1.macos64_1.0.100.202403111906/tools/bin/../lib/gcc/arm-none-eabi/12.3.1/../../../../arm-none-eabi/lib/thumb/v7e-m+fp/hard/libc_nano.a(libc_a-exit.o)
                              /Applications/STM32CubeIDE.app/Contents/Eclipse/plugins/com.st.stm32cube.ide.mcu.externaltools.gnu-tools-for-stm32.12.3.rel1.macos64_1.0.100.202403111906/tools/bin/../lib/gcc/arm-none-eabi/12.3.1/../../../../arm-none-eabi/lib/thumb/v7e-m+fp/hard/crt0.o (exit)
/Applications/STM32CubeIDE.app/Contents/Eclipse/plugins/com.st.stm32cube.ide.mcu.externaltools.gnu-tools-for-stm32.12.3.rel1.macos64_1.0.100.202403111906/tools/bin/../lib/gcc/arm-none-eabi/12.3.1/../../../../arm-none-eabi/lib/thumb/v7e-m+fp/hard/libc_nano.a(libc_a-malloc.o)
                              ../Middlewares/ST/AI/Lib/NetworkRuntime900_CM4_GCC.a(core_mem_manager.o) (malloc)
[...]
Memory Configuration

Name             Origin             Length             Attributes
CCMRAM           0x10000000         0x00010000         xrw
RAM              0x20000000         0x00030000         xrw
FLASH            0x08000000         0x00200000         xr
*default*        0x00000000         0xffffffff

Linker script and memory map

LOAD /Applications/STM32CubeIDE.app/Contents/Eclipse/plugins/com.st.stm32cube.ide.mcu.externaltools.gnu-tools-for-stm32.12.3.rel1.macos64_1.0.100.202403111906/tools/bin/../lib/gcc/arm-none-eabi/12.3.1/thumb/v7e-m+fp/hard/crti.o
LOAD /Applications/STM32CubeIDE.app/Contents/Eclipse/plugins/com.st.stm32cube.ide.mcu.externaltools.gnu-tools-for-stm32.12.3.rel1.macos64_1.0.100.202403111906/tools/bin/../lib/gcc/arm-none-eabi/12.3.1/thumb/v7e-m+fp/hard/crtbegin.o
LOAD /Applications/STM32CubeIDE.app/Contents/Eclipse/plugins/com.st.stm32cube.ide.mcu.externaltools.gnu-tools-for-stm32.12.3.rel1.macos64_1.0.100.202403111906/tools/bin/../lib/gcc/arm-none-eabi/12.3.1/../../../../arm-none-eabi/lib/thumb/v7e-m+fp/hard/crt0.o
LOAD ./Core/Src/main.o
LOAD ./Core/Src/stm32f4xx_hal_msp.o
LOAD ./Core/Src/stm32f4xx_it.o
LOAD ./Core/Src/sysmem.o
LOAD ./Core/Src/system_stm32f4xx.o
LOAD ./Core/Startup/startup_stm32f429zitx.o
LOAD ./Drivers/STM32F4xx_HAL_Driver/Src/stm32f4xx_hal.o
LOAD ./Drivers/STM32F4xx_HAL_Driver/Src/stm32f4xx_hal_cortex.o
LOAD ./Drivers/STM32F4xx_HAL_Driver/Src/stm32f4xx_hal_dma.o
LOAD ./Drivers/STM32F4xx_HAL_Driver/Src/stm32f4xx_hal_dma_ex.o
LOAD ./Drivers/STM32F4xx_HAL_Driver/Src/stm32f4xx_hal_exti.o
LOAD ./Drivers/STM32F4xx_HAL_Driver/Src/stm32f4xx_hal_flash.o
LOAD ./Drivers/STM32F4xx_HAL_Driver/Src/stm32f4xx_hal_flash_ex.o
LOAD ./Drivers/STM32F4xx_HAL_Driver/Src/stm32f4xx_hal_flash_ramfunc.o
LOAD ./Drivers/STM32F4xx_HAL_Driver/Src/stm32f4xx_hal_gpio.o
LOAD ./Drivers/STM32F4xx_HAL_Driver/Src/stm32f4xx_hal_pwr.o
LOAD ./Drivers/STM32F4xx_HAL_Driver/Src/stm32f4xx_hal_pwr_ex.o
LOAD ./Drivers/STM32F4xx_HAL_Driver/Src/stm32f4xx_hal_rcc.o
LOAD ./Drivers/STM32F4xx_HAL_Driver/Src/stm32f4xx_hal_rcc_ex.o
LOAD ./Drivers/STM32F4xx_HAL_Driver/Src/stm32f4xx_hal_tim.o
LOAD ./Drivers/STM32F4xx_HAL_Driver/Src/stm32f4xx_hal_tim_ex.o
LOAD ./Drivers/STM32F4xx_HAL_Driver/Src/stm32f4xx_hal_uart.o
LOAD ./X-CUBE-AI/App/app_x-cube-ai.o
LOAD ./X-CUBE-AI/App/nlp.o
LOAD ./X-CUBE-AI/App/nlp_data.o
LOAD ./X-CUBE-AI/App/nlp_data_params.o
LOAD ../Middlewares/ST/AI/Lib/NetworkRuntime900_CM4_GCC.a
START GROUP
LOAD /Applications/STM32CubeIDE.app/Contents/Eclipse/plugins/com.st.stm32cube.ide.mcu.externaltools.gnu-tools-for-stm32.12.3.rel1.macos64_1.0.100.202403111906/tools/bin/../lib/gcc/arm-none-eabi/12.3.1/../../../../arm-none-eabi/lib/thumb/v7e-m+fp/hard/libc_nano.a
LOAD /Applications/STM32CubeIDE.app/Contents/Eclipse/plugins/com.st.stm32cube.ide.mcu.externaltools.gnu-tools-for-stm32.12.3.rel1.macos64_1.0.100.202403111906/tools/bin/../lib/gcc/arm-none-eabi/12.3.1/../../../../arm-none-eabi/lib/thumb/v7e-m+fp/hard/libm.a
END GROUP
START GROUP
LOAD /Applications/STM32CubeIDE.app/Contents/Eclipse/plugins/com.st.stm32cube.ide.mcu.externaltools.gnu-tools-for-stm32.12.3.rel1.macos64_1.0.100.202403111906/tools/bin/../lib/gcc/arm-none-eabi/12.3.1/thumb/v7e-m+fp/hard/libgcc.a
LOAD /Applications/STM32CubeIDE.app/Contents/Eclipse/plugins/com.st.stm32cube.ide.mcu.externaltools.gnu-tools-for-stm32.12.3.rel1.macos64_1.0.100.202403111906/tools/bin/../lib/gcc/arm-none-eabi/12.3.1/../../../../arm-none-eabi/lib/thumb/v7e-m+fp/hard/libc_nano.a
END GROUP
START GROUP
LOAD /Applications/STM32CubeIDE.app/Contents/Eclipse/plugins/com.st.stm32cube.ide.mcu.externaltools.gnu-tools-for-stm32.12.3.rel1.macos64_1.0.100.202403111906/tools/bin/../lib/gcc/arm-none-eabi/12.3.1/thumb/v7e-m+fp/hard/libgcc.a
LOAD /Applications/STM32CubeIDE.app/Contents/Eclipse/plugins/com.st.stm32cube.ide.mcu.externaltools.gnu-tools-for-stm32.12.3.rel1.macos64_1.0.100.202403111906/tools/bin/../lib/gcc/arm-none-eabi/12.3.1/../../../../arm-none-eabi/lib/thumb/v7e-m+fp/hard/libc_nano.a
LOAD /Applications/STM32CubeIDE.app/Contents/Eclipse/plugins/com.st.stm32cube.ide.mcu.externaltools.gnu-tools-for-stm32.12.3.rel1.macos64_1.0.100.202403111906/tools/bin/../lib/gcc/arm-none-eabi/12.3.1/../../../../arm-none-eabi/lib/thumb/v7e-m+fp/hard/libnosys.a
END GROUP
START GROUP
LOAD /Applications/STM32CubeIDE.app/Contents/Eclipse/plugins/com.st.stm32cube.ide.mcu.externaltools.gnu-tools-for-stm32.12.3.rel1.macos64_1.0.100.202403111906/tools/bin/../lib/gcc/arm-none-eabi/12.3.1/thumb/v7e-m+fp/hard/libgcc.a
LOAD /Applications/STM32CubeIDE.app/Contents/Eclipse/plugins/com.st.stm32cube.ide.mcu.externaltools.gnu-tools-for-stm32.12.3.rel1.macos64_1.0.100.202403111906/tools/bin/../lib/gcc/arm-none-eabi/12.3.1/../../../../arm-none-eabi/lib/thumb/v7e-m+fp/hard/libc_nano.a
LOAD /Applications/STM32CubeIDE.app/Contents/Eclipse/plugins/com.st.stm32cube.ide.mcu.externaltools.gnu-tools-for-stm32.12.3.rel1.macos64_1.0.100.202403111906/tools/bin/../lib/gcc/arm-none-eabi/12.3.1/../../../../arm-none-eabi/lib/thumb/v7e-m+fp/hard/libnosys.a
END GROUP
LOAD /Applications/STM32CubeIDE.app/Contents/Eclipse/plugins/com.st.stm32cube.ide.mcu.externaltools.gnu-tools-for-stm32.12.3.rel1.macos64_1.0.100.202403111906/tools/bin/../lib/gcc/arm-none-eabi/12.3.1/thumb/v7e-m+fp/hard/crtend.o
LOAD /Applications/STM32CubeIDE.app/Contents/Eclipse/plugins/com.st.stm32cube.ide.mcu.externaltools.gnu-tools-for-stm32.12.3.rel1.macos64_1.0.100.202403111906/tools/bin/../lib/gcc/arm-none-eabi/12.3.1/thumb/v7e-m+fp/hard/crtn.o
                0x20030000                        _estack = (ORIGIN (RAM) + LENGTH (RAM))
                0x00000800                        _Min_Heap_Size = 0x800
                0x00000800                        _Min_Stack_Size = 0x800

.isr_vector     0x08000000      0x1ac
                0x08000000                        . = ALIGN (0x4)
 *(.isr_vector)
 .isr_vector    0x08000000      0x1ac ./Core/Startup/startup_stm32f429zitx.o
                0x08000000                g_pfnVectors
                0x080001ac                        . = ALIGN (0x4)

.text           0x080001b0     0x3acc
                0x080001b0                        . = ALIGN (0x4)
 *(.text)
 .text          0x080001b0       0x40 /Applications/STM32CubeIDE.app/Contents/Eclipse/plugins/com.st.stm32cube.ide.mcu.externaltools.gnu-tools-for-stm32.12.3.rel1.macos64_1.0.100.202403111906/tools/bin/../lib/gcc/arm-none-eabi/12.3.1/thumb/v7e-m+fp/hard/crtbegin.o
 .text          0x080001f0       0x10 /Applications/STM32CubeIDE.app/Contents/Eclipse/plugins/com.st.stm32cube.ide.mcu.externaltools.gnu-tools-for-stm32.12.3.rel1.macos64_1.0.100.202403111906/tools/bin/../lib/gcc/arm-none-eabi/12.3.1/../../../../arm-none-eabi/lib/thumb/v7e-m+fp/hard/libc_nano.a(libc_a-strlen.o)
                0x080001f0                strlen
 .text          0x08000200       0xa0 /Applications/STM32CubeIDE.app/Contents/Eclipse/plugins/com.st.stm32cube.ide.mcu.externaltools.gnu-tools-for-stm32.12.3.rel1.macos64_1.0.100.202403111906/tools/bin/../lib/gcc/arm-none-eabi/12.3.1/../../../../arm-none-eabi/lib/thumb/v7e-m+fp/hard/libc_nano.a(libc_a-memchr.o)
                0x08000200                memchr
 .text          0x080002a0       0x30 /Applications/STM32CubeIDE.app/Contents/Eclipse/plugins/com.st.stm32cube.ide.mcu.externaltools.gnu-tools-for-stm32.12.3.rel1.macos64_1.0.100.202403111906/tools/bin/../lib/gcc/arm-none-eabi/12.3.1/thumb/v7e-m+fp/hard/libgcc.a(_aeabi_uldivmod.o)
                0x080002a0                __aeabi_uldivmod
 .text          0x080002d0      0x2bc /Applications/STM32CubeIDE.app/Contents/Eclipse/plugins/com.st.stm32cube.ide.mcu.externaltools.gnu-tools-for-stm32.12.3.rel1.macos64_1.0.100.202403111906/tools/bin/../lib/gcc/arm-none-eabi/12.3.1/thumb/v7e-m+fp/hard/libgcc.a(_udivmoddi4.o)
                0x080002d0                __udivmoddi4
 .text          0x0800058c        0x4 /Applications/STM32CubeIDE.app/Contents/Eclipse/plugins/com.st.stm32cube.ide.mcu.externaltools.gnu-tools-for-stm32.12.3.rel1.macos64_1.0.100.202403111906/tools/bin/../lib/gcc/arm-none-eabi/12.3.1/thumb/v7e-m+fp/hard/libgcc.a(_dvmd_tls.o)
                0x0800058c                __aeabi_ldiv0
                0x0800058c                __aeabi_idiv0
 *(.text*)
 .text.SystemClock_Config
                0x08000590       0xa8 ./Core/Src/main.o
                0x08000590                SystemClock_Config
 .text.startup.main
                0x08000638       0x30 ./Core/Src/main.o
                0x08000638                main
 .text.HAL_MspInit
                0x08000668       0x38 ./Core/Src/stm32f4xx_hal_msp.o
                0x08000668                HAL_MspInit
 .text.NMI_Handler
                0x080006a0        0x2 ./Core/Src/stm32f4xx_it.o
                0x080006a0                NMI_Handler
 .text.HardFault_Handler
                0x080006a2        0x2 ./Core/Src/stm32f4xx_it.o
                0x080006a2                HardFault_Handler
 .text.MemManage_Handler
                0x080006a4        0x2 ./Core/Src/stm32f4xx_it.o
                0x080006a4                MemManage_Handler
 .text.BusFault_Handler
                0x080006a6        0x2 ./Core/Src/stm32f4xx_it.o
                0x080006a6                BusFault_Handler
 .text.UsageFault_Handler
                0x080006a8        0x2 ./Core/Src/stm32f4xx_it.o
                0x080006a8                UsageFault_Handler
 .text.SVC_Handler
                0x080006aa        0x2 ./Core/Src/stm32f4xx_it.o
                0x080006aa                SVC_Handler
 .text.DebugMon_Handler
                0x080006ac        0x2 ./Core/Src/stm32f4xx_it.o
                0x080006ac                DebugMon_Handler
 .text.PendSV_Handler
                0x080006ae        0x2 ./Core/Src/stm32f4xx_it.o
                0x080006ae                PendSV_Handler
 .text.SysTick_Handler
                0x080006b0        0x4 ./Core/Src/stm32f4xx_it.o
                0x080006b0                SysTick_Handler
 .text._sbrk    0x080006b4       0x40 ./Core/Src/sysmem.o
                0x080006b4                _sbrk
 .text.SystemInit
                0x080006f4       0x14 ./Core/Src/system_stm32f4xx.o
                0x080006f4                SystemInit
 .text.Reset_Handler
                0x08000708       0x50 ./Core/Startup/startup_stm32f429zitx.o
                0x08000708                Reset_Handler
 .text.Default_Handler
                0x08000758        0x2 ./Core/Startup/startup_stm32f429zitx.o
                0x08000758                DMA1_Stream3_IRQHandler
                0x08000758                HASH_RNG_IRQHandler
                0x08000758                EXTI2_IRQHandler
                0x08000758                TIM8_CC_IRQHandler
                0x08000758                UART8_IRQHandler
                0x08000758                SPI4_IRQHandler
                0x08000758                TIM1_CC_IRQHandler
                0x08000758                DMA2_Stream5_IRQHandler
                0x08000758                DMA1_Stream5_IRQHandler
                0x08000758                PVD_IRQHandler
                0x08000758                SDIO_IRQHandler
                0x08000758                TAMP_STAMP_IRQHandler
                0x08000758                CAN2_RX1_IRQHandler
                0x08000758                EXTI3_IRQHandler
                0x08000758                TIM8_TRG_COM_TIM14_IRQHandler
                0x08000758                TIM1_UP_TIM10_IRQHandler
                0x08000758                TIM8_UP_TIM13_IRQHandler
                0x08000758                I2C3_ER_IRQHandler
                0x08000758                EXTI0_IRQHandler
                0x08000758                I2C2_EV_IRQHandler
                0x08000758                DMA1_Stream2_IRQHandler
                0x08000758                CAN1_RX0_IRQHandler
                0x08000758                FPU_IRQHandler
                0x08000758                OTG_HS_WKUP_IRQHandler
                0x08000758                LTDC_ER_IRQHandler
                0x08000758                CAN2_SCE_IRQHandler
                0x08000758                DMA2_Stream2_IRQHandler
                0x08000758                SPI1_IRQHandler
                0x08000758                TIM6_DAC_IRQHandler
                0x08000758                TIM1_BRK_TIM9_IRQHandler
                0x08000758                DCMI_IRQHandler
                0x08000758                CAN2_RX0_IRQHandler
                0x08000758                DMA2_Stream3_IRQHandler
                0x08000758                USART6_IRQHandler
                0x08000758                USART3_IRQHandler
                0x08000758                CAN1_RX1_IRQHandler
                0x08000758                UART5_IRQHandler
                0x08000758                DMA2_Stream0_IRQHandler
                0x08000758                TIM4_IRQHandler
                0x08000758                I2C1_EV_IRQHandler
                0x08000758                DMA1_Stream6_IRQHandler
                0x08000758                DMA1_Stream1_IRQHandler
                0x08000758                UART4_IRQHandler
                0x08000758                TIM3_IRQHandler
                0x08000758                RCC_IRQHandler
                0x08000758                TIM8_BRK_TIM12_IRQHandler
                0x08000758                Default_Handler
                0x08000758                EXTI15_10_IRQHandler
                0x08000758                ADC_IRQHandler
                0x08000758                DMA1_Stream7_IRQHandler
                0x08000758                SPI5_IRQHandler
                0x08000758                TIM7_IRQHandler
                0x08000758                CAN2_TX_IRQHandler
                0x08000758                TIM5_IRQHandler
                0x08000758                DMA2_Stream7_IRQHandler
                0x08000758                I2C3_EV_IRQHandler
                0x08000758                EXTI9_5_IRQHandler
                0x08000758                RTC_WKUP_IRQHandler
                0x08000758                LTDC_IRQHandler
                0x08000758                ETH_WKUP_IRQHandler
                0x08000758                SPI2_IRQHandler
                0x08000758                OTG_HS_EP1_IN_IRQHandler
                0x08000758                DMA1_Stream0_IRQHandler
                0x08000758                CAN1_TX_IRQHandler
                0x08000758                EXTI4_IRQHandler
                0x08000758                ETH_IRQHandler
                0x08000758                OTG_HS_EP1_OUT_IRQHandler
                0x08000758                WWDG_IRQHandler
                0x08000758                SPI6_IRQHandler
                0x08000758                TIM2_IRQHandler
                0x08000758                OTG_FS_WKUP_IRQHandler
                0x08000758                TIM1_TRG_COM_TIM11_IRQHandler
                0x08000758                OTG_HS_IRQHandler
                0x08000758                DMA2D_IRQHandler
                0x08000758                EXTI1_IRQHandler
                0x08000758                UART7_IRQHandler
                0x08000758                USART2_IRQHandler
                0x08000758                I2C2_ER_IRQHandler
                0x08000758                DMA2_Stream1_IRQHandler
                0x08000758                CAN1_SCE_IRQHandler
                0x08000758                FLASH_IRQHandler
                0x08000758                DMA2_Stream4_IRQHandler
                0x08000758                USART1_IRQHandler
                0x08000758                OTG_FS_IRQHandler
                0x08000758                SPI3_IRQHandler
                0x08000758                DMA1_Stream4_IRQHandler
                0x08000758                I2C1_ER_IRQHandler
                0x08000758                FMC_IRQHandler
                0x08000758                DMA2_Stream6_IRQHandler
                0x08000758                SAI1_IRQHandler
                0x08000758                RTC_Alarm_IRQHandler
 *fill*         0x0800075a        0x2 
 .text.HAL_InitTick
                0x0800075c       0x48 ./Drivers/STM32F4xx_HAL_Driver/Src/stm32f4xx_hal.o
                0x0800075c                HAL_InitTick
 .text.HAL_Init
                0x080007a4       0x34 ./Drivers/STM32F4xx_HAL_Driver/Src/stm32f4xx_hal.o
                0x080007a4                HAL_Init
 .text.HAL_IncTick
                0x080007d8       0x18 ./Drivers/STM32F4xx_HAL_Driver/Src/stm32f4xx_hal.o
                0x080007d8                HAL_IncTick
 .text.HAL_GetTick
                0x080007f0        0xc ./Drivers/STM32F4xx_HAL_Driver/Src/stm32f4xx_hal.o
                0x080007f0                HAL_GetTick
 .text.HAL_NVIC_SetPriorityGrouping
                0x080007fc       0x24 ./Drivers/STM32F4xx_HAL_Driver/Src/stm32f4xx_hal_cortex.o
                0x080007fc                HAL_NVIC_SetPriorityGrouping
 .text.HAL_NVIC_SetPriority
                0x08000820       0x64 ./Drivers/STM32F4xx_HAL_Driver/Src/stm32f4xx_hal_cortex.o
                0x08000820                HAL_NVIC_SetPriority
 .text.HAL_SYSTICK_Config
                0x08000884       0x28 ./Drivers/STM32F4xx_HAL_Driver/Src/stm32f4xx_hal_cortex.o
                0x08000884                HAL_SYSTICK_Config
 .text.HAL_PWREx_EnableOverDrive
                0x080008ac       0x74 ./Drivers/STM32F4xx_HAL_Driver/Src/stm32f4xx_hal_pwr_ex.o
                0x080008ac                HAL_PWREx_EnableOverDrive
 .text.HAL_RCC_OscConfig
                0x08000920      0x35c ./Drivers/STM32F4xx_HAL_Driver/Src/stm32f4xx_hal_rcc.o
                0x08000920                HAL_RCC_OscConfig
 .text.HAL_RCC_GetSysClockFreq
                0x08000c7c       0x5c ./Drivers/STM32F4xx_HAL_Driver/Src/stm32f4xx_hal_rcc.o
                0x08000c7c                HAL_RCC_GetSysClockFreq
 .text.HAL_RCC_ClockConfig
                0x08000cd8      0x134 ./Drivers/STM32F4xx_HAL_Driver/Src/stm32f4xx_hal_rcc.o
                0x08000cd8                HAL_RCC_ClockConfig
 .text.acquire_and_process_data
                0x08000e0c       0x68 ./X-CUBE-AI/App/app_x-cube-ai.o
                0x08000e0c                acquire_and_process_data
 .text.post_process
                0x08000e74       0x14 ./X-CUBE-AI/App/app_x-cube-ai.o
                0x08000e74                post_process
 .text.MX_X_CUBE_AI_Init
                0x08000e88       0x74 ./X-CUBE-AI/App/app_x-cube-ai.o
                0x08000e88                MX_X_CUBE_AI_Init
 .text.MX_X_CUBE_AI_Process
                0x08000efc       0x7c ./X-CUBE-AI/App/app_x-cube-ai.o
                0x08000efc                MX_X_CUBE_AI_Process
 .text.ai_nlp_get_error
                0x08000f78        0x4 ./X-CUBE-AI/App/nlp.o
                0x08000f78                ai_nlp_get_error
 .text.ai_nlp_create
                0x08000f7c       0x1c ./X-CUBE-AI/App/nlp.o
                0x08000f7c                ai_nlp_create
 .text.ai_nlp_inputs_get
                0x08000f98       0x14 ./X-CUBE-AI/App/nlp.o
                0x08000f98                ai_nlp_inputs_get
 .text.ai_nlp_outputs_get
                0x08000fac       0x14 ./X-CUBE-AI/App/nlp.o
                0x08000fac                ai_nlp_outputs_get
 .text.ai_nlp_init
                0x08000fc0      0x184 ./X-CUBE-AI/App/nlp.o
                0x08000fc0                ai_nlp_init
 .text.ai_nlp_create_and_init
                0x08001144       0x92 ./X-CUBE-AI/App/nlp.o
                0x08001144                ai_nlp_create_and_init
 .text.ai_nlp_run
                0x080011d6        0x4 ./X-CUBE-AI/App/nlp.o
                0x080011d6                ai_nlp_run
 *fill*         0x080011da        0x2 
 .text.ai_nlp_data_params_get
                0x080011dc       0x30 ./X-CUBE-AI/App/nlp_data.o
                0x080011dc                ai_nlp_data_params_get
 .text.ai_buffer_get_size
                0x0800120c       0x68 ../Middlewares/ST/AI/Lib/NetworkRuntime900_CM4_GCC.a(ai_platform.o)
                0x0800120c                ai_buffer_get_size
 .text.ai_buffer_array_sane
                0x08001274       0x14 ../Middlewares/ST/AI/Lib/NetworkRuntime900_CM4_GCC.a(ai_platform.o)
                0x08001274                ai_buffer_array_sane
 .text.ai_buffer_array_item_set_address
                0x08001288       0x20 ../Middlewares/ST/AI/Lib/NetworkRuntime900_CM4_GCC.a(ai_platform.o)
                0x08001288                ai_buffer_array_item_set_address
 .text.ai_platform_get_weights_map
                0x080012a8       0xa8 ../Middlewares/ST/AI/Lib/NetworkRuntime900_CM4_GCC.a(ai_platform_interface.o)
                0x080012a8                ai_platform_get_weights_map
 .text.ai_platform_get_activations_map
                0x08001350       0xa8 ../Middlewares/ST/AI/Lib/NetworkRuntime900_CM4_GCC.a(ai_platform_interface.o)
                0x08001350                ai_platform_get_activations_map
 .text.ai_platform_bind_network_params
                0x080013f8       0x44 ../Middlewares/ST/AI/Lib/NetworkRuntime900_CM4_GCC.a(ai_platform_interface.o)
                0x080013f8                ai_platform_bind_network_params
 .text.ai_platform_network_get_error
                0x0800143c       0x18 ../Middlewares/ST/AI/Lib/NetworkRuntime900_CM4_GCC.a(ai_platform_interface.o)
                0x0800143c                ai_platform_network_get_error
 .text.ai_platform_network_set_error
                0x08001454        0xc ../Middlewares/ST/AI/Lib/NetworkRuntime900_CM4_GCC.a(ai_platform_interface.o)
                0x08001454                ai_platform_network_set_error
 .text.ai_platform_inputs_get
                0x08001460       0xec ../Middlewares/ST/AI/Lib/NetworkRuntime900_CM4_GCC.a(ai_platform_interface.o)
                0x08001460                ai_platform_inputs_get
 .text.ai_platform_outputs_get
                0x0800154c       0xe8 ../Middlewares/ST/AI/Lib/NetworkRuntime900_CM4_GCC.a(ai_platform_interface.o)
                0x0800154c                ai_platform_outputs_get
 .text.ai_platform_network_create
                0x08001634       0x84 ../Middlewares/ST/AI/Lib/NetworkRuntime900_CM4_GCC.a(ai_platform_interface.o)
                0x08001634                ai_platform_network_create
 .text.ai_platform_network_init
                0x080016b8      0x19c ../Middlewares/ST/AI/Lib/NetworkRuntime900_CM4_GCC.a(ai_platform_interface.o)
                0x080016b8                ai_platform_network_init
 .text.ai_platform_network_post_init
                0x08001854       0x60 ../Middlewares/ST/AI/Lib/NetworkRuntime900_CM4_GCC.a(ai_platform_interface.o)
                0x08001854                ai_platform_network_post_init
 .text.ai_platform_network_process
                0x080018b4      0x480 ../Middlewares/ST/AI/Lib/NetworkRuntime900_CM4_GCC.a(ai_platform_interface.o)
                0x080018b4                ai_platform_network_process
 .text.core_init
                0x08001d34        0x4 ../Middlewares/ST/AI/Lib/NetworkRuntime900_CM4_GCC.a(core_common.o)
                0x08001d34                core_init
 .text.core_get_error
                0x08001d38        0xc ../Middlewares/ST/AI/Lib/NetworkRuntime900_CM4_GCC.a(core_common.o)
                0x08001d38                core_get_error
 .text.core_set_error
                0x08001d44       0x18 ../Middlewares/ST/AI/Lib/NetworkRuntime900_CM4_GCC.a(core_common.o)
                0x08001d44                core_set_error
 .text.ai_check_custom_types
                0x08001d5c       0x54 ../Middlewares/ST/AI/Lib/NetworkRuntime900_CM4_GCC.a(layers.o)
                0x08001d5c                ai_check_custom_types
 .text.ai_layers_init_all
                0x08001db0       0x1c ../Middlewares/ST/AI/Lib/NetworkRuntime900_CM4_GCC.a(layers.o)
                0x08001db0                ai_layers_init_all
 .text.ai_layers_post_init_all
                0x08001dcc       0x28 ../Middlewares/ST/AI/Lib/NetworkRuntime900_CM4_GCC.a(layers.o)
                0x08001dcc                ai_layers_post_init_all
 .text.ai_layers_forward_all
                0x08001df4       0x94 ../Middlewares/ST/AI/Lib/NetworkRuntime900_CM4_GCC.a(layers.o)
                0x08001df4                ai_layers_forward_all
 .text.forward_dense
                0x08001e88      0x3e0 ../Middlewares/ST/AI/Lib/NetworkRuntime900_CM4_GCC.a(layers_conv2d_generic_float.o)
                0x08001e88                forward_dense
 .text.forward_sigmoid
                0x08002268       0x94 ../Middlewares/ST/AI/Lib/NetworkRuntime900_CM4_GCC.a(layers_nl_generic_float.o)
                0x08002268                forward_sigmoid
 .text.forward_relu
                0x080022fc      0x138 ../Middlewares/ST/AI/Lib/NetworkRuntime900_CM4_GCC.a(layers_nl_generic_float.o)
                0x080022fc                forward_relu
 .text.forward_lite_nl_relu_generic_if32of32_kernel
                0x08002434       0xfc ../Middlewares/ST/AI/Lib/NetworkRuntime900_CM4_GCC.a(lite_nl_relu_if32of32.o)
                0x08002434                forward_lite_nl_relu_generic_if32of32_kernel
 .text.forward_lite_dense_if32of32wf32
                0x08002530      0x2b4 ../Middlewares/ST/AI/Lib/NetworkRuntime900_CM4_GCC.a(lite_dense_if32.o)
                0x08002530                forward_lite_dense_if32of32wf32
 .text.st_int8_copy
                0x080027e4      0x10c ../Middlewares/ST/AI/Lib/NetworkRuntime900_CM4_GCC.a(st_int8_fill.o)
                0x080027e4                st_int8_copy
 .text.ai_array_to_buffer_fmt
                0x080028f0       0xe0 ../Middlewares/ST/AI/Lib/NetworkRuntime900_CM4_GCC.a(ai_datatypes_format.o)
                0x080028f0                ai_array_to_buffer_fmt
 .text.ai_array_get_byte_size
                0x080029d0       0x50 ../Middlewares/ST/AI/Lib/NetworkRuntime900_CM4_GCC.a(ai_datatypes_format.o)
                0x080029d0                ai_array_get_byte_size
 .text.ai_array_get_data_byte_size
                0x08002a20       0x24 ../Middlewares/ST/AI/Lib/NetworkRuntime900_CM4_GCC.a(ai_datatypes_format.o)
                0x08002a20                ai_array_get_data_byte_size
 .text.ai_version_get
                0x08002a44        0xc ../Middlewares/ST/AI/Lib/NetworkRuntime900_CM4_GCC.a(ai_datatypes_internal.o)
                0x08002a44                ai_version_get
 .text.get_tensor_byte_size
                0x08002a50       0x30 ../Middlewares/ST/AI/Lib/NetworkRuntime900_CM4_GCC.a(ai_datatypes_internal.o)
                0x08002a50                get_tensor_byte_size
 .text.sbrk_aligned
                0x08002a80       0x44 /Applications/STM32CubeIDE.app/Contents/Eclipse/plugins/com.st.stm32cube.ide.mcu.externaltools.gnu-tools-for-stm32.12.3.rel1.macos64_1.0.100.202403111906/tools/bin/../lib/gcc/arm-none-eabi/12.3.1/../../../../arm-none-eabi/lib/thumb/v7e-m+fp/hard/libc_nano.a(libc_a-mallocr.o)
 .text._malloc_r
                0x08002ac4      0x100 /Applications/STM32CubeIDE.app/Contents/Eclipse/plugins/com.st.stm32cube.ide.mcu.externaltools.gnu-tools-for-stm32.12.3.rel1.macos64_1.0.100.202403111906/tools/bin/../lib/gcc/arm-none-eabi/12.3.1/../../../../arm-none-eabi/lib/thumb/v7e-m+fp/hard/libc_nano.a(libc_a-mallocr.o)
                0x08002ac4                _malloc_r
 .text.__malloc_lock
                0x08002bc4        0xc /Applications/STM32CubeIDE.app/Contents/Eclipse/plugins/com.st.stm32cube.ide.mcu.externaltools.gnu-tools-for-stm32.12.3.rel1.macos64_1.0.100.202403111906/tools/bin/../lib/gcc/arm-none-eabi/12.3.1/../../../../arm-none-eabi/lib/thumb/v7e-m+fp/hard/libc_nano.a(libc_a-mlock.o)
                0x08002bc4                __malloc_lock
 .text.__malloc_unlock
                0x08002bd0        0xc /Applications/STM32CubeIDE.app/Contents/Eclipse/plugins/com.st.stm32cube.ide.mcu.externaltools.gnu-tools-for-stm32.12.3.rel1.macos64_1.0.100.202403111906/tools/bin/../lib/gcc/arm-none-eabi/12.3.1/../../../../arm-none-eabi/lib/thumb/v7e-m+fp/hard/libc_nano.a(libc_a-mlock.o)
                0x08002bd0                __malloc_unlock
 .text.std      0x08002bdc       0x6c /Applications/STM32CubeIDE.app/Contents/Eclipse/plugins/com.st.stm32cube.ide.mcu.externaltools.gnu-tools-for-stm32.12.3.rel1.macos64_1.0.100.202403111906/tools/bin/../lib/gcc/arm-none-eabi/12.3.1/../../../../arm-none-eabi/lib/thumb/v7e-m+fp/hard/libc_nano.a(libc_a-findfp.o)
 .text.stdio_exit_handler
                0x08002c48       0x18 /Applications/STM32CubeIDE.app/Contents/Eclipse/plugins/com.st.stm32cube.ide.mcu.externaltools.gnu-tools-for-stm32.12.3.rel1.macos64_1.0.100.202403111906/tools/bin/../lib/gcc/arm-none-eabi/12.3.1/../../../../arm-none-eabi/lib/thumb/v7e-m+fp/hard/libc_nano.a(libc_a-findfp.o)
 .text.cleanup_stdio
                0x08002c60       0x40 /Applications/STM32CubeIDE.app/Contents/Eclipse/plugins/com.st.stm32cube.ide.mcu.externaltools.gnu-tools-for-stm32.12.3.rel1.macos64_1.0.100.202403111906/tools/bin/../lib/gcc/arm-none-eabi/12.3.1/../../../../arm-none-eabi/lib/thumb/v7e-m+fp/hard/libc_nano.a(libc_a-findfp.o)
 .text.global_stdio_init.part.0
                0x08002ca0       0x3c /Applications/STM32CubeIDE.app/Contents/Eclipse/plugins/com.st.stm32cube.ide.mcu.externaltools.gnu-tools-for-stm32.12.3.rel1.macos64_1.0.100.202403111906/tools/bin/../lib/gcc/arm-none-eabi/12.3.1/../../../../arm-none-eabi/lib/thumb/v7e-m+fp/hard/libc_nano.a(libc_a-findfp.o)
 .text.__sfp_lock_acquire
                0x08002cdc        0xc /Applications/STM32CubeIDE.app/Contents/Eclipse/plugins/com.st.stm32cube.ide.mcu.externaltools.gnu-tools-for-stm32.12.3.rel1.macos64_1.0.100.202403111906/tools/bin/../lib/gcc/arm-none-eabi/12.3.1/../../../../arm-none-eabi/lib/thumb/v7e-m+fp/hard/libc_nano.a(libc_a-findfp.o)
                0x08002cdc                __sfp_lock_acquire
 .text.__sfp_lock_release
                0x08002ce8        0xc /Applications/STM32CubeIDE.app/Contents/Eclipse/plugins/com.st.stm32cube.ide.mcu.externaltools.gnu-tools-for-stm32.12.3.rel1.macos64_1.0.100.202403111906/tools/bin/../lib/gcc/arm-none-eabi/12.3.1/../../../../arm-none-eabi/lib/thumb/v7e-m+fp/hard/libc_nano.a(libc_a-findfp.o)
                0x08002ce8                __sfp_lock_release
 .text.__sinit  0x08002cf4       0x30 /Applications/STM32CubeIDE.app/Contents/Eclipse/plugins/com.st.stm32cube.ide.mcu.externaltools.gnu-tools-for-stm32.12.3.rel1.macos64_1.0.100.202403111906/tools/bin/../lib/gcc/arm-none-eabi/12.3.1/../../../../arm-none-eabi/lib/thumb/v7e-m+fp/hard/libc_nano.a(libc_a-findfp.o)
                0x08002cf4                __sinit
 .text._fwalk_sglue
                0x08002d24       0x3c /Applications/STM32CubeIDE.app/Contents/Eclipse/plugins/com.st.stm32cube.ide.mcu.externaltools.gnu-tools-for-stm32.12.3.rel1.macos64_1.0.100.202403111906/tools/bin/../lib/gcc/arm-none-eabi/12.3.1/../../../../arm-none-eabi/lib/thumb/v7e-m+fp/hard/libc_nano.a(libc_a-fwalk.o)
                0x08002d24                _fwalk_sglue
 .text.printf   0x08002d60       0x24 /Applications/STM32CubeIDE.app/Contents/Eclipse/plugins/com.st.stm32cube.ide.mcu.externaltools.gnu-tools-for-stm32.12.3.rel1.macos64_1.0.100.202403111906/tools/bin/../lib/gcc/arm-none-eabi/12.3.1/../../../../arm-none-eabi/lib/thumb/v7e-m+fp/hard/libc_nano.a(libc_a-printf.o)
                0x08002d60                printf
                0x08002d60                iprintf
 .text._puts_r  0x08002d84       0xaa /Applications/STM32CubeIDE.app/Contents/Eclipse/plugins/com.st.stm32cube.ide.mcu.externaltools.gnu-tools-for-stm32.12.3.rel1.macos64_1.0.100.202403111906/tools/bin/../lib/gcc/arm-none-eabi/12.3.1/../../../../arm-none-eabi/lib/thumb/v7e-m+fp/hard/libc_nano.a(libc_a-puts.o)
                0x08002d84                _puts_r
 *fill*         0x08002e2e        0x2 
 .text.puts     0x08002e30       0x10 /Applications/STM32CubeIDE.app/Contents/Eclipse/plugins/com.st.stm32cube.ide.mcu.externaltools.gnu-tools-for-stm32.12.3.rel1.macos64_1.0.100.202403111906/tools/bin/../lib/gcc/arm-none-eabi/12.3.1/../../../../arm-none-eabi/lib/thumb/v7e-m+fp/hard/libc_nano.a(libc_a-puts.o)
                0x08002e30                puts
 .text.memset   0x08002e40       0x10 /Applications/STM32CubeIDE.app/Contents/Eclipse/plugins/com.st.stm32cube.ide.mcu.externaltools.gnu-tools-for-stm32.12.3.rel1.macos64_1.0.100.202403111906/tools/bin/../lib/gcc/arm-none-eabi/12.3.1/../../../../arm-none-eabi/lib/thumb/v7e-m+fp/hard/libc_nano.a(libc_a-memset.o)
                0x08002e40                memset
 .text._sbrk_r  0x08002e50       0x20 /Applications/STM32CubeIDE.app/Contents/Eclipse/plugins/com.st.stm32cube.ide.mcu.externaltools.gnu-tools-for-stm32.12.3.rel1.macos64_1.0.100.202403111906/tools/bin/../lib/gcc/arm-none-eabi/12.3.1/../../../../arm-none-eabi/lib/thumb/v7e-m+fp/hard/libc_nano.a(libc_a-sbrkr.o)
                0x08002e50                _sbrk_r
 .text.__errno  0x08002e70        0xc /Applications/STM32CubeIDE.app/Contents/Eclipse/plugins/com.st.stm32cube.ide.mcu.externaltools.gnu-tools-for-stm32.12.3.rel1.macos64_1.0.100.202403111906/tools/bin/../lib/gcc/arm-none-eabi/12.3.1/../../../../arm-none-eabi/lib/thumb/v7e-m+fp/hard/libc_nano.a(libc_a-errno.o)
                0x08002e70                __errno
 .text.__libc_init_array
                0x08002e7c       0x48 /Applications/STM32CubeIDE.app/Contents/Eclipse/plugins/com.st.stm32cube.ide.mcu.externaltools.gnu-tools-for-stm32.12.3.rel1.macos64_1.0.100.202403111906/tools/bin/../lib/gcc/arm-none-eabi/12.3.1/../../../../arm-none-eabi/lib/thumb/v7e-m+fp/hard/libc_nano.a(libc_a-init.o)
                0x08002e7c                __libc_init_array
 .text.__retarget_lock_init_recursive
                0x08002ec4        0x2 /Applications/STM32CubeIDE.app/Contents/Eclipse/plugins/com.st.stm32cube.ide.mcu.externaltools.gnu-tools-for-stm32.12.3.rel1.macos64_1.0.100.202403111906/tools/bin/../lib/gcc/arm-none-eabi/12.3.1/../../../../arm-none-eabi/lib/thumb/v7e-m+fp/hard/libc_nano.a(libc_a-lock.o)
                0x08002ec4                __retarget_lock_init_recursive
 .text.__retarget_lock_acquire_recursive
                0x08002ec6        0x2 /Applications/STM32CubeIDE.app/Contents/Eclipse/plugins/com.st.stm32cube.ide.mcu.externaltools.gnu-tools-for-stm32.12.3.rel1.macos64_1.0.100.202403111906/tools/bin/../lib/gcc/arm-none-eabi/12.3.1/../../../../arm-none-eabi/lib/thumb/v7e-m+fp/hard/libc_nano.a(libc_a-lock.o)
                0x08002ec6                __retarget_lock_acquire_recursive
 .text.__retarget_lock_release_recursive
                0x08002ec8        0x2 /Applications/STM32CubeIDE.app/Contents/Eclipse/plugins/com.st.stm32cube.ide.mcu.externaltools.gnu-tools-for-stm32.12.3.rel1.macos64_1.0.100.202403111906/tools/bin/../lib/gcc/arm-none-eabi/12.3.1/../../../../arm-none-eabi/lib/thumb/v7e-m+fp/hard/libc_nano.a(libc_a-lock.o)
                0x08002ec8                __retarget_lock_release_recursive
 *fill*         0x08002eca        0x2 
 .text._free_r  0x08002ecc       0x94 /Applications/STM32CubeIDE.app/Contents/Eclipse/plugins/com.st.stm32cube.ide.mcu.externaltools.gnu-tools-for-stm32.12.3.rel1.macos64_1.0.100.202403111906/tools/bin/../lib/gcc/arm-none-eabi/12.3.1/../../../../arm-none-eabi/lib/thumb/v7e-m+fp/hard/libc_nano.a(libc_a-freer.o)
                0x08002ecc                _free_r
 .text.__sfputc_r
                0x08002f60       0x2e /Applications/STM32CubeIDE.app/Contents/Eclipse/plugins/com.st.stm32cube.ide.mcu.externaltools.gnu-tools-for-stm32.12.3.rel1.macos64_1.0.100.202403111906/tools/bin/../lib/gcc/arm-none-eabi/12.3.1/../../../../arm-none-eabi/lib/thumb/v7e-m+fp/hard/libc_nano.a(libc_a-nano-vfprintf.o)
 .text.__sfputs_r
                0x08002f8e       0x24 /Applications/STM32CubeIDE.app/Contents/Eclipse/plugins/com.st.stm32cube.ide.mcu.externaltools.gnu-tools-for-stm32.12.3.rel1.macos64_1.0.100.202403111906/tools/bin/../lib/gcc/arm-none-eabi/12.3.1/../../../../arm-none-eabi/lib/thumb/v7e-m+fp/hard/libc_nano.a(libc_a-nano-vfprintf.o)
                0x08002f8e                __sfputs_r
 *fill*         0x08002fb2        0x2 
 .text._vfprintf_r
                0x08002fb4      0x230 /Applications/STM32CubeIDE.app/Contents/Eclipse/plugins/com.st.stm32cube.ide.mcu.externaltools.gnu-tools-for-stm32.12.3.rel1.macos64_1.0.100.202403111906/tools/bin/../lib/gcc/arm-none-eabi/12.3.1/../../../../arm-none-eabi/lib/thumb/v7e-m+fp/hard/libc_nano.a(libc_a-nano-vfprintf.o)
                0x08002fb4                _vfiprintf_r
                0x08002fb4                _vfprintf_r
 .text._printf_common
                0x080031e4       0xda /Applications/STM32CubeIDE.app/Contents/Eclipse/plugins/com.st.stm32cube.ide.mcu.externaltools.gnu-tools-for-stm32.12.3.rel1.macos64_1.0.100.202403111906/tools/bin/../lib/gcc/arm-none-eabi/12.3.1/../../../../arm-none-eabi/lib/thumb/v7e-m+fp/hard/libc_nano.a(libc_a-nano-vfprintf_i.o)
                0x080031e4                _printf_common
 *fill*         0x080032be        0x2 
 .text._printf_i
                0x080032c0      0x240 /Applications/STM32CubeIDE.app/Contents/Eclipse/plugins/com.st.stm32cube.ide.mcu.externaltools.gnu-tools-for-stm32.12.3.rel1.macos64_1.0.100.202403111906/tools/bin/../lib/gcc/arm-none-eabi/12.3.1/../../../../arm-none-eabi/lib/thumb/v7e-m+fp/hard/libc_nano.a(libc_a-nano-vfprintf_i.o)
                0x080032c0                _printf_i
 .text.__sflush_r
                0x08003500      0x108 /Applications/STM32CubeIDE.app/Contents/Eclipse/plugins/com.st.stm32cube.ide.mcu.externaltools.gnu-tools-for-stm32.12.3.rel1.macos64_1.0.100.202403111906/tools/bin/../lib/gcc/arm-none-eabi/12.3.1/../../../../arm-none-eabi/lib/thumb/v7e-m+fp/hard/libc_nano.a(libc_a-fflush.o)
                0x08003500                __sflush_r
 .text._fflush_r
                0x08003608       0x50 /Applications/STM32CubeIDE.app/Contents/Eclipse/plugins/com.st.stm32cube.ide.mcu.externaltools.gnu-tools-for-stm32.12.3.rel1.macos64_1.0.100.202403111906/tools/bin/../lib/gcc/arm-none-eabi/12.3.1/../../../../arm-none-eabi/lib/thumb/v7e-m+fp/hard/libc_nano.a(libc_a-fflush.o)
                0x08003608                _fflush_r
 .text.__sread  0x08003658       0x22 /Applications/STM32CubeIDE.app/Contents/Eclipse/plugins/com.st.stm32cube.ide.mcu.externaltools.gnu-tools-for-stm32.12.3.rel1.macos64_1.0.100.202403111906/tools/bin/../lib/gcc/arm-none-eabi/12.3.1/../../../../arm-none-eabi/lib/thumb/v7e-m+fp/hard/libc_nano.a(libc_a-stdio.o)
                0x08003658                __sread
 .text.__swrite
                0x0800367a       0x38 /Applications/STM32CubeIDE.app/Contents/Eclipse/plugins/com.st.stm32cube.ide.mcu.externaltools.gnu-tools-for-stm32.12.3.rel1.macos64_1.0.100.202403111906/tools/bin/../lib/gcc/arm-none-eabi/12.3.1/../../../../arm-none-eabi/lib/thumb/v7e-m+fp/hard/libc_nano.a(libc_a-stdio.o)
                0x0800367a                __swrite
 .text.__sseek  0x080036b2       0x24 /Applications/STM32CubeIDE.app/Contents/Eclipse/plugins/com.st.stm32cube.ide.mcu.externaltools.gnu-tools-for-stm32.12.3.rel1.macos64_1.0.100.202403111906/tools/bin/../lib/gcc/arm-none-eabi/12.3.1/../../../../arm-none-eabi/lib/thumb/v7e-m+fp/hard/libc_nano.a(libc_a-stdio.o)
                0x080036b2                __sseek
 .text.__sclose
                0x080036d6        0x8 /Applications/STM32CubeIDE.app/Contents/Eclipse/plugins/com.st.stm32cube.ide.mcu.externaltools.gnu-tools-for-stm32.12.3.rel1.macos64_1.0.100.202403111906/tools/bin/../lib/gcc/arm-none-eabi/12.3.1/../../../../arm-none-eabi/lib/thumb/v7e-m+fp/hard/libc_nano.a(libc_a-stdio.o)
                0x080036d6                __sclose
 .text.__swbuf_r
                0x080036de       0x7c /Applications/STM32CubeIDE.app/Contents/Eclipse/plugins/com.st.stm32cube.ide.mcu.externaltools.gnu-tools-for-stm32.12.3.rel1.macos64_1.0.100.202403111906/tools/bin/../lib/gcc/arm-none-eabi/12.3.1/../../../../arm-none-eabi/lib/thumb/v7e-m+fp/hard/libc_nano.a(libc_a-wbuf.o)
                0x080036de                __swbuf_r
 *fill*         0x0800375a        0x2 
 .text.__swsetup_r
                0x0800375c       0xac /Applications/STM32CubeIDE.app/Contents/Eclipse/plugins/com.st.stm32cube.ide.mcu.externaltools.gnu-tools-for-stm32.12.3.rel1.macos64_1.0.100.202403111906/tools/bin/../lib/gcc/arm-none-eabi/12.3.1/../../../../arm-none-eabi/lib/thumb/v7e-m+fp/hard/libc_nano.a(libc_a-wsetup.o)
                0x0800375c                __swsetup_r
 .text.__swhatbuf_r
                0x08003808       0x4c /Applications/STM32CubeIDE.app/Contents/Eclipse/plugins/com.st.stm32cube.ide.mcu.externaltools.gnu-tools-for-stm32.12.3.rel1.macos64_1.0.100.202403111906/tools/bin/../lib/gcc/arm-none-eabi/12.3.1/../../../../arm-none-eabi/lib/thumb/v7e-m+fp/hard/libc_nano.a(libc_a-makebuf.o)
                0x08003808                __swhatbuf_r
 .text.__smakebuf_r
                0x08003854       0x78 /Applications/STM32CubeIDE.app/Contents/Eclipse/plugins/com.st.stm32cube.ide.mcu.externaltools.gnu-tools-for-stm32.12.3.rel1.macos64_1.0.100.202403111906/tools/bin/../lib/gcc/arm-none-eabi/12.3.1/../../../../arm-none-eabi/lib/thumb/v7e-m+fp/hard/libc_nano.a(libc_a-makebuf.o)
                0x08003854                __smakebuf_r
 .text._close_r
                0x080038cc       0x20 /Applications/STM32CubeIDE.app/Contents/Eclipse/plugins/com.st.stm32cube.ide.mcu.externaltools.gnu-tools-for-stm32.12.3.rel1.macos64_1.0.100.202403111906/tools/bin/../lib/gcc/arm-none-eabi/12.3.1/../../../../arm-none-eabi/lib/thumb/v7e-m+fp/hard/libc_nano.a(libc_a-closer.o)
                0x080038cc                _close_r
 .text._fstat_r
                0x080038ec       0x24 /Applications/STM32CubeIDE.app/Contents/Eclipse/plugins/com.st.stm32cube.ide.mcu.externaltools.gnu-tools-for-stm32.12.3.rel1.macos64_1.0.100.202403111906/tools/bin/../lib/gcc/arm-none-eabi/12.3.1/../../../../arm-none-eabi/lib/thumb/v7e-m+fp/hard/libc_nano.a(libc_a-fstatr.o)
                0x080038ec                _fstat_r
 .text._isatty_r
                0x08003910       0x20 /Applications/STM32CubeIDE.app/Contents/Eclipse/plugins/com.st.stm32cube.ide.mcu.externaltools.gnu-tools-for-stm32.12.3.rel1.macos64_1.0.100.202403111906/tools/bin/../lib/gcc/arm-none-eabi/12.3.1/../../../../arm-none-eabi/lib/thumb/v7e-m+fp/hard/libc_nano.a(libc_a-isattyr.o)
                0x08003910                _isatty_r
 .text._lseek_r
                0x08003930       0x24 /Applications/STM32CubeIDE.app/Contents/Eclipse/plugins/com.st.stm32cube.ide.mcu.externaltools.gnu-tools-for-stm32.12.3.rel1.macos64_1.0.100.202403111906/tools/bin/../lib/gcc/arm-none-eabi/12.3.1/../../../../arm-none-eabi/lib/thumb/v7e-m+fp/hard/libc_nano.a(libc_a-lseekr.o)
                0x08003930                _lseek_r
 .text._read_r  0x08003954       0x24 /Applications/STM32CubeIDE.app/Contents/Eclipse/plugins/com.st.stm32cube.ide.mcu.externaltools.gnu-tools-for-stm32.12.3.rel1.macos64_1.0.100.202403111906/tools/bin/../lib/gcc/arm-none-eabi/12.3.1/../../../../arm-none-eabi/lib/thumb/v7e-m+fp/hard/libc_nano.a(libc_a-readr.o)
                0x08003954                _read_r
 .text._write_r
                0x08003978       0x24 /Applications/STM32CubeIDE.app/Contents/Eclipse/plugins/com.st.stm32cube.ide.mcu.externaltools.gnu-tools-for-stm32.12.3.rel1.macos64_1.0.100.202403111906/tools/bin/../lib/gcc/arm-none-eabi/12.3.1/../../../../arm-none-eabi/lib/thumb/v7e-m+fp/hard/libc_nano.a(libc_a-writer.o)
                0x08003978                _write_r
 .text.expf     0x0800399c       0x6c /Applications/STM32CubeIDE.app/Contents/Eclipse/plugins/com.st.stm32cube.ide.mcu.externaltools.gnu-tools-for-stm32.12.3.rel1.macos64_1.0.100.202403111906/tools/bin/../lib/gcc/arm-none-eabi/12.3.1/../../../../arm-none-eabi/lib/thumb/v7e-m+fp/hard/libm.a(libm_a-wf_exp.o)
                0x0800399c                expf
 .text.finitef  0x08003a08       0x14 /Applications/STM32CubeIDE.app/Contents/Eclipse/plugins/com.st.stm32cube.ide.mcu.externaltools.gnu-tools-for-stm32.12.3.rel1.macos64_1.0.100.202403111906/tools/bin/../lib/gcc/arm-none-eabi/12.3.1/../../../../arm-none-eabi/lib/thumb/v7e-m+fp/hard/libm.a(libm_a-sf_finite.o)
                0x08003a08                finitef
 .text.__ieee754_expf
                0x08003a1c      0x19c /Applications/STM32CubeIDE.app/Contents/Eclipse/plugins/com.st.stm32cube.ide.mcu.externaltools.gnu-tools-for-stm32.12.3.rel1.macos64_1.0.100.202403111906/tools/bin/../lib/gcc/arm-none-eabi/12.3.1/../../../../arm-none-eabi/lib/thumb/v7e-m+fp/hard/libm.a(libm_a-ef_exp.o)
                0x08003a1c                __ieee754_expf
 .text.with_errnof
                0x08003bb8       0x1c /Applications/STM32CubeIDE.app/Contents/Eclipse/plugins/com.st.stm32cube.ide.mcu.externaltools.gnu-tools-for-stm32.12.3.rel1.macos64_1.0.100.202403111906/tools/bin/../lib/gcc/arm-none-eabi/12.3.1/../../../../arm-none-eabi/lib/thumb/v7e-m+fp/hard/libm.a(libm_a-math_errf.o)
 .text.xflowf   0x08003bd4       0x16 /Applications/STM32CubeIDE.app/Contents/Eclipse/plugins/com.st.stm32cube.ide.mcu.externaltools.gnu-tools-for-stm32.12.3.rel1.macos64_1.0.100.202403111906/tools/bin/../lib/gcc/arm-none-eabi/12.3.1/../../../../arm-none-eabi/lib/thumb/v7e-m+fp/hard/libm.a(libm_a-math_errf.o)
 *fill*         0x08003bea        0x2 
 .text.__math_uflowf
                0x08003bec        0xc /Applications/STM32CubeIDE.app/Contents/Eclipse/plugins/com.st.stm32cube.ide.mcu.externaltools.gnu-tools-for-stm32.12.3.rel1.macos64_1.0.100.202403111906/tools/bin/../lib/gcc/arm-none-eabi/12.3.1/../../../../arm-none-eabi/lib/thumb/v7e-m+fp/hard/libm.a(libm_a-math_errf.o)
                0x08003bec                __math_uflowf
 .text.__math_oflowf
                0x08003bf8        0xc /Applications/STM32CubeIDE.app/Contents/Eclipse/plugins/com.st.stm32cube.ide.mcu.externaltools.gnu-tools-for-stm32.12.3.rel1.macos64_1.0.100.202403111906/tools/bin/../lib/gcc/arm-none-eabi/12.3.1/../../../../arm-none-eabi/lib/thumb/v7e-m+fp/hard/libm.a(libm_a-math_errf.o)
                0x08003bf8                __math_oflowf
 .text._close   0x08003c04       0x10 /Applications/STM32CubeIDE.app/Contents/Eclipse/plugins/com.st.stm32cube.ide.mcu.externaltools.gnu-tools-for-stm32.12.3.rel1.macos64_1.0.100.202403111906/tools/bin/../lib/gcc/arm-none-eabi/12.3.1/../../../../arm-none-eabi/lib/thumb/v7e-m+fp/hard/libnosys.a(close.o)
                0x08003c04                _close
 .text._fstat   0x08003c14       0x10 /Applications/STM32CubeIDE.app/Contents/Eclipse/plugins/com.st.stm32cube.ide.mcu.externaltools.gnu-tools-for-stm32.12.3.rel1.macos64_1.0.100.202403111906/tools/bin/../lib/gcc/arm-none-eabi/12.3.1/../../../../arm-none-eabi/lib/thumb/v7e-m+fp/hard/libnosys.a(fstat.o)
                0x08003c14                _fstat
 .text._isatty  0x08003c24       0x10 /Applications/STM32CubeIDE.app/Contents/Eclipse/plugins/com.st.stm32cube.ide.mcu.externaltools.gnu-tools-for-stm32.12.3.rel1.macos64_1.0.100.202403111906/tools/bin/../lib/gcc/arm-none-eabi/12.3.1/../../../../arm-none-eabi/lib/thumb/v7e-m+fp/hard/libnosys.a(isatty.o)
                0x08003c24                _isatty
 .text._lseek   0x08003c34       0x10 /Applications/STM32CubeIDE.app/Contents/Eclipse/plugins/com.st.stm32cube.ide.mcu.externaltools.gnu-tools-for-stm32.12.3.rel1.macos64_1.0.100.202403111906/tools/bin/../lib/gcc/arm-none-eabi/12.3.1/../../../../arm-none-eabi/lib/thumb/v7e-m+fp/hard/libnosys.a(lseek.o)
                0x08003c34                _lseek
 .text._read    0x08003c44       0x10 /Applications/STM32CubeIDE.app/Contents/Eclipse/plugins/com.st.stm32cube.ide.mcu.externaltools.gnu-tools-for-stm32.12.3.rel1.macos64_1.0.100.202403111906/tools/bin/../lib/gcc/arm-none-eabi/12.3.1/../../../../arm-none-eabi/lib/thumb/v7e-m+fp/hard/libnosys.a(read.o)
                0x08003c44                _read
 .text._write   0x08003c54       0x10 /Applications/STM32CubeIDE.app/Contents/Eclipse/plugins/com.st.stm32cube.ide.mcu.externaltools.gnu-tools-for-stm32.12.3.rel1.macos64_1.0.100.202403111906/tools/bin/../lib/gcc/arm-none-eabi/12.3.1/../../../../arm-none-eabi/lib/thumb/v7e-m+fp/hard/libnosys.a(write.o)
                0x08003c54                _write
 *(.glue_7)
 .glue_7        0x08003c64        0x0 linker stubs
 *(.glue_7t)
 .glue_7t       0x08003c64        0x0 linker stubs
 *(.eh_frame)
 .eh_frame      0x08003c64        0x0 /Applications/STM32CubeIDE.app/Contents/Eclipse/plugins/com.st.stm32cube.ide.mcu.externaltools.gnu-tools-for-stm32.12.3.rel1.macos64_1.0.100.202403111906/tools/bin/../lib/gcc/arm-none-eabi/12.3.1/thumb/v7e-m+fp/hard/crtbegin.o
 *(.init)
 .init          0x08003c64        0x4 /Applications/STM32CubeIDE.app/Contents/Eclipse/plugins/com.st.stm32cube.ide.mcu.externaltools.gnu-tools-for-stm32.12.3.rel1.macos64_1.0.100.202403111906/tools/bin/../lib/gcc/arm-none-eabi/12.3.1/thumb/v7e-m+fp/hard/crti.o
                0x08003c64                _init
 .init          0x08003c68        0x8 /Applications/STM32CubeIDE.app/Contents/Eclipse/plugins/com.st.stm32cube.ide.mcu.externaltools.gnu-tools-for-stm32.12.3.rel1.macos64_1.0.100.202403111906/tools/bin/../lib/gcc/arm-none-eabi/12.3.1/thumb/v7e-m+fp/hard/crtn.o
 *(.fini)
 .fini          0x08003c70        0x4 /Applications/STM32CubeIDE.app/Contents/Eclipse/plugins/com.st.stm32cube.ide.mcu.externaltools.gnu-tools-for-stm32.12.3.rel1.macos64_1.0.100.202403111906/tools/bin/../lib/gcc/arm-none-eabi/12.3.1/thumb/v7e-m+fp/hard/crti.o
                0x08003c70                _fini
 .fini          0x08003c74        0x8 /Applications/STM32CubeIDE.app/Contents/Eclipse/plugins/com.st.stm32cube.ide.mcu.externaltools.gnu-tools-for-stm32.12.3.rel1.macos64_1.0.100.202403111906/tools/bin/../lib/gcc/arm-none-eabi/12.3.1/thumb/v7e-m+fp/hard/crtn.o
                0x08003c7c                        . = ALIGN (0x4)
                0x08003c7c                        _etext = .

.vfp11_veneer   0x08003c7c        0x0
 .vfp11_veneer  0x08003c7c        0x0 linker stubs

.v4_bx          0x08003c7c        0x0
 .v4_bx         0x08003c7c        0x0 linker stubs

.iplt           0x08003c7c        0x0
 .iplt          0x08003c7c        0x0 /Applications/STM32CubeIDE.app/Contents/Eclipse/plugins/com.st.stm32cube.ide.mcu.externaltools.gnu-tools-for-stm32.12.3.rel1.macos64_1.0.100.202403111906/tools/bin/../lib/gcc/arm-none-eabi/12.3.1/thumb/v7e-m+fp/hard/crtbegin.o

.rodata         0x08003c80      0x984
                0x08003c80                        . = ALIGN (0x4)
 *(.rodata)
 .rodata        0x08003c80       0x10 ./X-CUBE-AI/App/nlp_data.o
 *(.rodata*)
 .rodata.AHBPrescTable
                0x08003c90       0x10 ./Core/Src/system_stm32f4xx.o
                0x08003c90                AHBPrescTable
 .rodata.acquire_and_process_data.str1.1
                0x08003ca0       0x20 ./X-CUBE-AI/App/app_x-cube-ai.o
 .rodata.MX_X_CUBE_AI_Init.str1.1
                0x08003cc0       0x66 ./X-CUBE-AI/App/app_x-cube-ai.o
 .rodata.MX_X_CUBE_AI_Process.str1.1
                0x08003d26       0x3a ./X-CUBE-AI/App/app_x-cube-ai.o
 .rodata.gemm_0_chain
                0x08003d60        0x8 ./X-CUBE-AI/App/nlp.o
 .rodata.nl_0_nl_chain
                0x08003d68        0x8 ./X-CUBE-AI/App/nlp.o
 .rodata.gemm_1_chain
                0x08003d70        0x8 ./X-CUBE-AI/App/nlp.o
 .rodata.nl_1_nl_chain
                0x08003d78        0x8 ./X-CUBE-AI/App/nlp.o
 .rodata.gemm_2_chain
                0x08003d80        0x8 ./X-CUBE-AI/App/nlp.o
 .rodata.nl_2_nl_chain
                0x08003d88        0x8 ./X-CUBE-AI/App/nlp.o
 .rodata.gemm_3_chain
                0x08003d90        0x8 ./X-CUBE-AI/App/nlp.o
 .rodata.nl_4_chain
                0x08003d98        0x8 ./X-CUBE-AI/App/nlp.o
 .rodata.s_nlp_weights_array_u64
                0x08003da0      0x818 ./X-CUBE-AI/App/nlp_data_params.o
                0x08003da0                s_nlp_weights_array_u64
 .rodata._vfprintf_r.str1.1
                0x080045b8       0x11 /Applications/STM32CubeIDE.app/Contents/Eclipse/plugins/com.st.stm32cube.ide.mcu.externaltools.gnu-tools-for-stm32.12.3.rel1.macos64_1.0.100.202403111906/tools/bin/../lib/gcc/arm-none-eabi/12.3.1/../../../../arm-none-eabi/lib/thumb/v7e-m+fp/hard/libc_nano.a(libc_a-nano-vfprintf.o)
 .rodata._printf_i.str1.1
                0x080045c9       0x22 /Applications/STM32CubeIDE.app/Contents/Eclipse/plugins/com.st.stm32cube.ide.mcu.externaltools.gnu-tools-for-stm32.12.3.rel1.macos64_1.0.100.202403111906/tools/bin/../lib/gcc/arm-none-eabi/12.3.1/../../../../arm-none-eabi/lib/thumb/v7e-m+fp/hard/libc_nano.a(libc_a-nano-vfprintf_i.o)
 *fill*         0x080045eb        0x1 
 .rodata.ln2LO  0x080045ec        0x8 /Applications/STM32CubeIDE.app/Contents/Eclipse/plugins/com.st.stm32cube.ide.mcu.externaltools.gnu-tools-for-stm32.12.3.rel1.macos64_1.0.100.202403111906/tools/bin/../lib/gcc/arm-none-eabi/12.3.1/../../../../arm-none-eabi/lib/thumb/v7e-m+fp/hard/libm.a(libm_a-ef_exp.o)
 .rodata.ln2HI  0x080045f4        0x8 /Applications/STM32CubeIDE.app/Contents/Eclipse/plugins/com.st.stm32cube.ide.mcu.externaltools.gnu-tools-for-stm32.12.3.rel1.macos64_1.0.100.202403111906/tools/bin/../lib/gcc/arm-none-eabi/12.3.1/../../../../arm-none-eabi/lib/thumb/v7e-m+fp/hard/libm.a(libm_a-ef_exp.o)
 .rodata.halF   0x080045fc        0x8 /Applications/STM32CubeIDE.app/Contents/Eclipse/plugins/com.st.stm32cube.ide.mcu.externaltools.gnu-tools-for-stm32.12.3.rel1.macos64_1.0.100.202403111906/tools/bin/../lib/gcc/arm-none-eabi/12.3.1/../../../../arm-none-eabi/lib/thumb/v7e-m+fp/hard/libm.a(libm_a-ef_exp.o)
                0x08004604                        . = ALIGN (0x4)

.ARM.extab      0x08004604        0x0
                0x08004604                        . = ALIGN (0x4)
 *(.ARM.extab* .gnu.linkonce.armextab.*)
                0x08004604                        . = ALIGN (0x4)

.ARM            0x08004604        0x8
                0x08004604                        . = ALIGN (0x4)
                0x08004604                        __exidx_start = .
 *(.ARM.exidx*)
 .ARM.exidx     0x08004604        0x8 /Applications/STM32CubeIDE.app/Contents/Eclipse/plugins/com.st.stm32cube.ide.mcu.externaltools.gnu-tools-for-stm32.12.3.rel1.macos64_1.0.100.202403111906/tools/bin/../lib/gcc/arm-none-eabi/12.3.1/../../../../arm-none-eabi/lib/thumb/v7e-m+fp/hard/libc_nano.a(libc_a-strlen.o)
 .ARM.exidx     0x0800460c        0x0 /Applications/STM32CubeIDE.app/Contents/Eclipse/plugins/com.st.stm32cube.ide.mcu.externaltools.gnu-tools-for-stm32.12.3.rel1.macos64_1.0.100.202403111906/tools/bin/../lib/gcc/arm-none-eabi/12.3.1/../../../../arm-none-eabi/lib/thumb/v7e-m+fp/hard/libc_nano.a(libc_a-memchr.o)
                                  0x8 (size before relaxing)
 .ARM.exidx     0x0800460c        0x0 /Applications/STM32CubeIDE.app/Contents/Eclipse/plugins/com.st.stm32cube.ide.mcu.externaltools.gnu-tools-for-stm32.12.3.rel1.macos64_1.0.100.202403111906/tools/bin/../lib/gcc/arm-none-eabi/12.3.1/thumb/v7e-m+fp/hard/libgcc.a(_udivmoddi4.o)
                                  0x8 (size before relaxing)
                0x0800460c                        __exidx_end = .
                0x0800460c                        . = ALIGN (0x4)

.preinit_array  0x0800460c        0x0
                0x0800460c                        . = ALIGN (0x4)
                0x0800460c                        PROVIDE (__preinit_array_start = .)
 *(.preinit_array*)
                0x0800460c                        PROVIDE (__preinit_array_end = .)
                0x0800460c                        . = ALIGN (0x4)

.init_array     0x0800460c        0x4
                0x0800460c                        . = ALIGN (0x4)
                0x0800460c                        PROVIDE (__init_array_start = .)
 *(SORT_BY_NAME(.init_array.*))
 *(.init_array*)
 .init_array    0x0800460c        0x4 /Applications/STM32CubeIDE.app/Contents/Eclipse/plugins/com.st.stm32cube.ide.mcu.externaltools.gnu-tools-for-stm32.12.3.rel1.macos64_1.0.100.202403111906/tools/bin/../lib/gcc/arm-none-eabi/12.3.1/thumb/v7e-m+fp/hard/crtbegin.o
                0x08004610                        PROVIDE (__init_array_end = .)
                0x08004610                        . = ALIGN (0x4)

.fini_array     0x08004610        0x4
                0x08004610                        . = ALIGN (0x4)
                [!provide]                        PROVIDE (__fini_array_start = .)
 *(SORT_BY_NAME(.fini_array.*))
 *(.fini_array*)
 .fini_array    0x08004610        0x4 /Applications/STM32CubeIDE.app/Contents/Eclipse/plugins/com.st.stm32cube.ide.mcu.externaltools.gnu-tools-for-stm32.12.3.rel1.macos64_1.0.100.202403111906/tools/bin/../lib/gcc/arm-none-eabi/12.3.1/thumb/v7e-m+fp/hard/crtbegin.o
                [!provide]                        PROVIDE (__fini_array_end = .)
                0x08004614                        . = ALIGN (0x4)
                0x08004614                        _sidata = LOADADDR (.data)

.rel.dyn        0x08004614        0x0
 .rel.iplt      0x08004614        0x0 /Applications/STM32CubeIDE.app/Contents/Eclipse/plugins/com.st.stm32cube.ide.mcu.externaltools.gnu-tools-for-stm32.12.3.rel1.macos64_1.0.100.202403111906/tools/bin/../lib/gcc/arm-none-eabi/12.3.1/thumb/v7e-m+fp/hard/crtbegin.o

.data           0x20000000      0x97c load address 0x08004614
                0x20000000                        . = ALIGN (0x4)
                0x20000000                        _sdata = .
 *(.data)
 *(.data*)
 .data.SystemCoreClock
                0x20000000        0x4 ./Core/Src/system_stm32f4xx.o
                0x20000000                SystemCoreClock
 .data.uwTickFreq
                0x20000004        0x1 ./Drivers/STM32F4xx_HAL_Driver/Src/stm32f4xx_hal.o
                0x20000004                uwTickFreq
 *fill*         0x20000005        0x3 
 .data.uwTickPrio
                0x20000008        0x4 ./Drivers/STM32F4xx_HAL_Driver/Src/stm32f4xx_hal.o
                0x20000008                uwTickPrio
 .data.data_activations0
                0x2000000c        0x4 ./X-CUBE-AI/App/app_x-cube-ai.o
                0x2000000c                data_activations0
 .data.g_nlp    0x20000010       0x4c ./X-CUBE-AI/App/nlp.o
 .data.__compound_literal.88
                0x2000005c       0x18 ./X-CUBE-AI/App/nlp.o
 .data.__compound_literal.87
                0x20000074        0xc ./X-CUBE-AI/App/nlp.o
 .data.__compound_literal.83
                0x20000080        0x4 ./X-CUBE-AI/App/nlp.o
 .data.__compound_literal.82
                0x20000084        0xc ./X-CUBE-AI/App/nlp.o
 .data.__compound_literal.78
                0x20000090        0x4 ./X-CUBE-AI/App/nlp.o
 .data.__compound_literal.77
                0x20000094       0x1c ./X-CUBE-AI/App/nlp.o
 .data.__compound_literal.76
                0x200000b0       0x10 ./X-CUBE-AI/App/nlp.o
 .data.__compound_literal.75
                0x200000c0       0x1c ./X-CUBE-AI/App/nlp.o
 .data.__compound_literal.74
                0x200000dc       0x10 ./X-CUBE-AI/App/nlp.o
 .data.gemm_0_layer
                0x200000ec       0x1c ./X-CUBE-AI/App/nlp.o
 .data.__compound_literal.73
                0x20000108       0x30 ./X-CUBE-AI/App/nlp.o
 .data.__compound_literal.71
                0x20000138        0x8 ./X-CUBE-AI/App/nlp.o
 .data.__compound_literal.70
                0x20000140        0x4 ./X-CUBE-AI/App/nlp.o
 .data.__compound_literal.69
                0x20000144        0x4 ./X-CUBE-AI/App/nlp.o
 .data.nl_0_nl_layer
                0x20000148       0x20 ./X-CUBE-AI/App/nlp.o
 .data.__compound_literal.68
                0x20000168       0x30 ./X-CUBE-AI/App/nlp.o
 .data.__compound_literal.65
                0x20000198        0x4 ./X-CUBE-AI/App/nlp.o
 .data.__compound_literal.64
                0x2000019c        0x4 ./X-CUBE-AI/App/nlp.o
 .data.gemm_1_layer
                0x200001a0       0x1c ./X-CUBE-AI/App/nlp.o
 .data.__compound_literal.63
                0x200001bc       0x30 ./X-CUBE-AI/App/nlp.o
 .data.__compound_literal.61
                0x200001ec        0x8 ./X-CUBE-AI/App/nlp.o
 .data.__compound_literal.60
                0x200001f4        0x4 ./X-CUBE-AI/App/nlp.o
 .data.__compound_literal.59
                0x200001f8        0x4 ./X-CUBE-AI/App/nlp.o
 .data.nl_1_nl_layer
                0x200001fc       0x20 ./X-CUBE-AI/App/nlp.o
 .data.__compound_literal.58
                0x2000021c       0x30 ./X-CUBE-AI/App/nlp.o
 .data.__compound_literal.55
                0x2000024c        0x4 ./X-CUBE-AI/App/nlp.o
 .data.__compound_literal.54
                0x20000250        0x4 ./X-CUBE-AI/App/nlp.o
 .data.gemm_2_layer
                0x20000254       0x1c ./X-CUBE-AI/App/nlp.o
 .data.__compound_literal.53
                0x20000270       0x30 ./X-CUBE-AI/App/nlp.o
 .data.__compound_literal.51
                0x200002a0        0x8 ./X-CUBE-AI/App/nlp.o
 .data.__compound_literal.50
                0x200002a8        0x4 ./X-CUBE-AI/App/nlp.o
 .data.__compound_literal.49
                0x200002ac        0x4 ./X-CUBE-AI/App/nlp.o
 .data.nl_2_nl_layer
                0x200002b0       0x20 ./X-CUBE-AI/App/nlp.o
 .data.__compound_literal.48
                0x200002d0       0x30 ./X-CUBE-AI/App/nlp.o
 .data.__compound_literal.45
                0x20000300        0x4 ./X-CUBE-AI/App/nlp.o
 .data.__compound_literal.44
                0x20000304        0x4 ./X-CUBE-AI/App/nlp.o
 .data.gemm_3_layer
                0x20000308       0x1c ./X-CUBE-AI/App/nlp.o
 .data.__compound_literal.43
                0x20000324       0x30 ./X-CUBE-AI/App/nlp.o
 .data.__compound_literal.41
                0x20000354        0x8 ./X-CUBE-AI/App/nlp.o
 .data.__compound_literal.40
                0x2000035c        0x4 ./X-CUBE-AI/App/nlp.o
 .data.__compound_literal.39
                0x20000360        0x4 ./X-CUBE-AI/App/nlp.o
 .data.nl_4_layer
                0x20000364       0x20 ./X-CUBE-AI/App/nlp.o
 .data.__compound_literal.38
                0x20000384       0x30 ./X-CUBE-AI/App/nlp.o
 .data.__compound_literal.35
                0x200003b4        0x4 ./X-CUBE-AI/App/nlp.o
 .data.__compound_literal.34
                0x200003b8        0x4 ./X-CUBE-AI/App/nlp.o
 .data.gemm_2_output
                0x200003bc       0x1c ./X-CUBE-AI/App/nlp.o
 .data.__compound_literal.33
                0x200003d8       0x10 ./X-CUBE-AI/App/nlp.o
 .data.__compound_literal.32
                0x200003e8       0x10 ./X-CUBE-AI/App/nlp.o
 .data.nl_1_nl_output
                0x200003f8       0x1c ./X-CUBE-AI/App/nlp.o
 .data.__compound_literal.31
                0x20000414       0x10 ./X-CUBE-AI/App/nlp.o
 .data.__compound_literal.30
                0x20000424       0x10 ./X-CUBE-AI/App/nlp.o
 .data.gemm_3_bias
                0x20000434       0x1c ./X-CUBE-AI/App/nlp.o
 .data.__compound_literal.29
                0x20000450       0x10 ./X-CUBE-AI/App/nlp.o
 .data.__compound_literal.28
                0x20000460       0x10 ./X-CUBE-AI/App/nlp.o
 .data.gemm_1_output
                0x20000470       0x1c ./X-CUBE-AI/App/nlp.o
 .data.__compound_literal.27
                0x2000048c       0x10 ./X-CUBE-AI/App/nlp.o
 .data.__compound_literal.26
                0x2000049c       0x10 ./X-CUBE-AI/App/nlp.o
 .data.nl_0_nl_output
                0x200004ac       0x1c ./X-CUBE-AI/App/nlp.o
 .data.__compound_literal.25
                0x200004c8       0x10 ./X-CUBE-AI/App/nlp.o
 .data.__compound_literal.24
                0x200004d8       0x10 ./X-CUBE-AI/App/nlp.o
 .data.gemm_0_output
                0x200004e8       0x1c ./X-CUBE-AI/App/nlp.o
 .data.__compound_literal.23
                0x20000504       0x10 ./X-CUBE-AI/App/nlp.o
 .data.__compound_literal.22
                0x20000514       0x10 ./X-CUBE-AI/App/nlp.o
 .data.gemm_2_bias
                0x20000524       0x1c ./X-CUBE-AI/App/nlp.o
 .data.__compound_literal.21
                0x20000540       0x10 ./X-CUBE-AI/App/nlp.o
 .data.__compound_literal.20
                0x20000550       0x10 ./X-CUBE-AI/App/nlp.o
 .data.serving_default_dense_32_input0_output
                0x20000560       0x1c ./X-CUBE-AI/App/nlp.o
 .data.__compound_literal.19
                0x2000057c       0x10 ./X-CUBE-AI/App/nlp.o
 .data.__compound_literal.18
                0x2000058c       0x10 ./X-CUBE-AI/App/nlp.o
 .data.gemm_2_weights
                0x2000059c       0x1c ./X-CUBE-AI/App/nlp.o
 .data.__compound_literal.17
                0x200005b8       0x10 ./X-CUBE-AI/App/nlp.o
 .data.__compound_literal.16
                0x200005c8       0x10 ./X-CUBE-AI/App/nlp.o
 .data.gemm_1_bias
                0x200005d8       0x1c ./X-CUBE-AI/App/nlp.o
 .data.__compound_literal.15
                0x200005f4       0x10 ./X-CUBE-AI/App/nlp.o
 .data.__compound_literal.14
                0x20000604       0x10 ./X-CUBE-AI/App/nlp.o
 .data.gemm_1_weights
                0x20000614       0x1c ./X-CUBE-AI/App/nlp.o
 .data.__compound_literal.13
                0x20000630       0x10 ./X-CUBE-AI/App/nlp.o
 .data.__compound_literal.12
                0x20000640       0x10 ./X-CUBE-AI/App/nlp.o
 .data.gemm_0_bias
                0x20000650       0x1c ./X-CUBE-AI/App/nlp.o
 .data.__compound_literal.11
                0x2000066c       0x10 ./X-CUBE-AI/App/nlp.o
 .data.__compound_literal.10
                0x2000067c       0x10 ./X-CUBE-AI/App/nlp.o
 .data.gemm_0_weights
                0x2000068c       0x1c ./X-CUBE-AI/App/nlp.o
 .data.__compound_literal.9
                0x200006a8       0x10 ./X-CUBE-AI/App/nlp.o
 .data.__compound_literal.8
                0x200006b8       0x10 ./X-CUBE-AI/App/nlp.o
 .data.nl_4_output
                0x200006c8       0x1c ./X-CUBE-AI/App/nlp.o
 .data.__compound_literal.7
                0x200006e4       0x10 ./X-CUBE-AI/App/nlp.o
 .data.__compound_literal.6
                0x200006f4       0x10 ./X-CUBE-AI/App/nlp.o
 .data.gemm_3_output
                0x20000704       0x1c ./X-CUBE-AI/App/nlp.o
 .data.__compound_literal.5
                0x20000720       0x10 ./X-CUBE-AI/App/nlp.o
 .data.__compound_literal.4
                0x20000730       0x10 ./X-CUBE-AI/App/nlp.o
 .data.gemm_3_weights
                0x20000740       0x1c ./X-CUBE-AI/App/nlp.o
 .data.__compound_literal.3
                0x2000075c       0x10 ./X-CUBE-AI/App/nlp.o
 .data.__compound_literal.2
                0x2000076c       0x10 ./X-CUBE-AI/App/nlp.o
 .data.nl_2_nl_output
                0x2000077c       0x1c ./X-CUBE-AI/App/nlp.o
 .data.__compound_literal.1
                0x20000798       0x10 ./X-CUBE-AI/App/nlp.o
 .data.__compound_literal.0
                0x200007a8       0x10 ./X-CUBE-AI/App/nlp.o
 .data.gemm_3_bias_array
                0x200007b8       0x10 ./X-CUBE-AI/App/nlp.o
 .data.gemm_3_weights_array
                0x200007c8       0x10 ./X-CUBE-AI/App/nlp.o
 .data.gemm_2_bias_array
                0x200007d8       0x10 ./X-CUBE-AI/App/nlp.o
 .data.gemm_2_weights_array
                0x200007e8       0x10 ./X-CUBE-AI/App/nlp.o
 .data.gemm_1_bias_array
                0x200007f8       0x10 ./X-CUBE-AI/App/nlp.o
 .data.gemm_1_weights_array
                0x20000808       0x10 ./X-CUBE-AI/App/nlp.o
 .data.gemm_0_bias_array
                0x20000818       0x10 ./X-CUBE-AI/App/nlp.o
 .data.gemm_0_weights_array
                0x20000828       0x10 ./X-CUBE-AI/App/nlp.o
 .data.nl_4_output_array
                0x20000838       0x10 ./X-CUBE-AI/App/nlp.o
 .data.gemm_3_output_array
                0x20000848       0x10 ./X-CUBE-AI/App/nlp.o
 .data.nl_2_nl_output_array
                0x20000858       0x10 ./X-CUBE-AI/App/nlp.o
 .data.gemm_2_output_array
                0x20000868       0x10 ./X-CUBE-AI/App/nlp.o
 .data.nl_1_nl_output_array
                0x20000878       0x10 ./X-CUBE-AI/App/nlp.o
 .data.gemm_1_output_array
                0x20000888       0x10 ./X-CUBE-AI/App/nlp.o
 .data.nl_0_nl_output_array
                0x20000898       0x10 ./X-CUBE-AI/App/nlp.o
 .data.gemm_0_output_array
                0x200008a8       0x10 ./X-CUBE-AI/App/nlp.o
 .data.serving_default_dense_32_input0_output_array
                0x200008b8       0x10 ./X-CUBE-AI/App/nlp.o
 .data.g_nlp_data_map_weights
                0x200008c8       0x1c ./X-CUBE-AI/App/nlp_data.o
                0x200008c8                g_nlp_data_map_weights
 .data.__compound_literal.1
                0x200008e4       0x10 ./X-CUBE-AI/App/nlp_data.o
 .data.g_nlp_data_map_activations
                0x200008f4       0x1c ./X-CUBE-AI/App/nlp_data.o
                0x200008f4                g_nlp_data_map_activations
 .data.__compound_literal.0
                0x20000910       0x10 ./X-CUBE-AI/App/nlp_data.o
 .data.__sglue  0x20000920        0xc /Applications/STM32CubeIDE.app/Contents/Eclipse/plugins/com.st.stm32cube.ide.mcu.externaltools.gnu-tools-for-stm32.12.3.rel1.macos64_1.0.100.202403111906/tools/bin/../lib/gcc/arm-none-eabi/12.3.1/../../../../arm-none-eabi/lib/thumb/v7e-m+fp/hard/libc_nano.a(libc_a-findfp.o)
                0x20000920                __sglue
 .data._impure_ptr
                0x2000092c        0x4 /Applications/STM32CubeIDE.app/Contents/Eclipse/plugins/com.st.stm32cube.ide.mcu.externaltools.gnu-tools-for-stm32.12.3.rel1.macos64_1.0.100.202403111906/tools/bin/../lib/gcc/arm-none-eabi/12.3.1/../../../../arm-none-eabi/lib/thumb/v7e-m+fp/hard/libc_nano.a(libc_a-impure.o)
                0x2000092c                _impure_ptr
 .data._impure_data
                0x20000930       0x4c /Applications/STM32CubeIDE.app/Contents/Eclipse/plugins/com.st.stm32cube.ide.mcu.externaltools.gnu-tools-for-stm32.12.3.rel1.macos64_1.0.100.202403111906/tools/bin/../lib/gcc/arm-none-eabi/12.3.1/../../../../arm-none-eabi/lib/thumb/v7e-m+fp/hard/libc_nano.a(libc_a-impure.o)
                0x20000930                _impure_data
 *(.RamFunc)
 *(.RamFunc*)
                0x2000097c                        . = ALIGN (0x4)
                0x2000097c                        _edata = .
                0x08004f90                        _siccmram = LOADADDR (.ccmram)

.igot.plt       0x2000097c        0x0 load address 0x08004f90
 .igot.plt      0x2000097c        0x0 /Applications/STM32CubeIDE.app/Contents/Eclipse/plugins/com.st.stm32cube.ide.mcu.externaltools.gnu-tools-for-stm32.12.3.rel1.macos64_1.0.100.202403111906/tools/bin/../lib/gcc/arm-none-eabi/12.3.1/thumb/v7e-m+fp/hard/crtbegin.o

.ccmram         0x10000000        0x0 load address 0x08004f90
                0x10000000                        . = ALIGN (0x4)
                0x10000000                        _sccmram = .
 *(.ccmram)
 *(.ccmram*)
                0x10000000                        . = ALIGN (0x4)
                0x10000000                        _eccmram = .
                0x10000000                        . = ALIGN (0x4)

.bss            0x20000980      0x2ac
                0x20000980                        _sbss = .
                0x20000980                        __bss_start__ = _sbss
 *(.bss)
 .bss           0x20000980       0x1c /Applications/STM32CubeIDE.app/Contents/Eclipse/plugins/com.st.stm32cube.ide.mcu.externaltools.gnu-tools-for-stm32.12.3.rel1.macos64_1.0.100.202403111906/tools/bin/../lib/gcc/arm-none-eabi/12.3.1/thumb/v7e-m+fp/hard/crtbegin.o
 *(.bss*)
 .bss.__sbrk_heap_end
                0x2000099c        0x4 ./Core/Src/sysmem.o
 .bss.uwTick    0x200009a0        0x4 ./Drivers/STM32F4xx_HAL_Driver/Src/stm32f4xx_hal.o
                0x200009a0                uwTick
 .bss.outs      0x200009a4        0xc ./X-CUBE-AI/App/app_x-cube-ai.o
                0x200009a4                outs
 .bss.ai_output
                0x200009b0        0x4 ./X-CUBE-AI/App/app_x-cube-ai.o
 .bss.ai_input  0x200009b4        0x4 ./X-CUBE-AI/App/app_x-cube-ai.o
 .bss.nlp       0x200009b8        0x4 ./X-CUBE-AI/App/app_x-cube-ai.o
 *fill*         0x200009bc        0x4 
 .bss.pool0     0x200009c0       0x78 ./X-CUBE-AI/App/app_x-cube-ai.o
 .bss.data_outs
                0x20000a38        0x4 ./X-CUBE-AI/App/app_x-cube-ai.o
                0x20000a38                data_outs
 .bss.data_ins  0x20000a3c        0x4 ./X-CUBE-AI/App/app_x-cube-ai.o
                0x20000a3c                data_ins
 .bss.__compound_literal.86
                0x20000a40        0x8 ./X-CUBE-AI/App/nlp.o
 .bss.__compound_literal.85
                0x20000a48       0x10 ./X-CUBE-AI/App/nlp.o
 .bss.__compound_literal.84
                0x20000a58       0x1c ./X-CUBE-AI/App/nlp.o
 .bss.__compound_literal.81
                0x20000a74        0x8 ./X-CUBE-AI/App/nlp.o
 .bss.__compound_literal.80
                0x20000a7c       0x10 ./X-CUBE-AI/App/nlp.o
 .bss.__compound_literal.79
                0x20000a8c       0x1c ./X-CUBE-AI/App/nlp.o
 .bss.__compound_literal.72
                0x20000aa8        0x4 ./X-CUBE-AI/App/nlp.o
 .bss.__compound_literal.67
                0x20000aac        0x4 ./X-CUBE-AI/App/nlp.o
 .bss.__compound_literal.66
                0x20000ab0        0x4 ./X-CUBE-AI/App/nlp.o
 .bss.__compound_literal.62
                0x20000ab4        0x4 ./X-CUBE-AI/App/nlp.o
 .bss.__compound_literal.57
                0x20000ab8        0x4 ./X-CUBE-AI/App/nlp.o
 .bss.__compound_literal.56
                0x20000abc        0x4 ./X-CUBE-AI/App/nlp.o
 .bss.__compound_literal.52
                0x20000ac0        0x4 ./X-CUBE-AI/App/nlp.o
 .bss.__compound_literal.47
                0x20000ac4        0x4 ./X-CUBE-AI/App/nlp.o
 .bss.__compound_literal.46
                0x20000ac8        0x4 ./X-CUBE-AI/App/nlp.o
 .bss.__compound_literal.42
                0x20000acc        0x4 ./X-CUBE-AI/App/nlp.o
 .bss.__compound_literal.37
                0x20000ad0        0x4 ./X-CUBE-AI/App/nlp.o
 .bss.__compound_literal.36
                0x20000ad4        0x4 ./X-CUBE-AI/App/nlp.o
 .bss.g_nlp_weights_map
                0x20000ad8        0x4 ./X-CUBE-AI/App/nlp.o
 .bss.g_nlp_activations_map
                0x20000adc        0x4 ./X-CUBE-AI/App/nlp.o
 .bss.__malloc_sbrk_start
                0x20000ae0        0x4 /Applications/STM32CubeIDE.app/Contents/Eclipse/plugins/com.st.stm32cube.ide.mcu.externaltools.gnu-tools-for-stm32.12.3.rel1.macos64_1.0.100.202403111906/tools/bin/../lib/gcc/arm-none-eabi/12.3.1/../../../../arm-none-eabi/lib/thumb/v7e-m+fp/hard/libc_nano.a(libc_a-mallocr.o)
                0x20000ae0                __malloc_sbrk_start
 .bss.__malloc_free_list
                0x20000ae4        0x4 /Applications/STM32CubeIDE.app/Contents/Eclipse/plugins/com.st.stm32cube.ide.mcu.externaltools.gnu-tools-for-stm32.12.3.rel1.macos64_1.0.100.202403111906/tools/bin/../lib/gcc/arm-none-eabi/12.3.1/../../../../arm-none-eabi/lib/thumb/v7e-m+fp/hard/libc_nano.a(libc_a-mallocr.o)
                0x20000ae4                __malloc_free_list
 .bss.__sf      0x20000ae8      0x138 /Applications/STM32CubeIDE.app/Contents/Eclipse/plugins/com.st.stm32cube.ide.mcu.externaltools.gnu-tools-for-stm32.12.3.rel1.macos64_1.0.100.202403111906/tools/bin/../lib/gcc/arm-none-eabi/12.3.1/../../../../arm-none-eabi/lib/thumb/v7e-m+fp/hard/libc_nano.a(libc_a-findfp.o)
                0x20000ae8                __sf
 .bss.__stdio_exit_handler
                0x20000c20        0x4 /Applications/STM32CubeIDE.app/Contents/Eclipse/plugins/com.st.stm32cube.ide.mcu.externaltools.gnu-tools-for-stm32.12.3.rel1.macos64_1.0.100.202403111906/tools/bin/../lib/gcc/arm-none-eabi/12.3.1/../../../../arm-none-eabi/lib/thumb/v7e-m+fp/hard/libc_nano.a(libc_a-findfp.o)
                0x20000c20                __stdio_exit_handler
 .bss.__lock___malloc_recursive_mutex
                0x20000c24        0x1 /Applications/STM32CubeIDE.app/Contents/Eclipse/plugins/com.st.stm32cube.ide.mcu.externaltools.gnu-tools-for-stm32.12.3.rel1.macos64_1.0.100.202403111906/tools/bin/../lib/gcc/arm-none-eabi/12.3.1/../../../../arm-none-eabi/lib/thumb/v7e-m+fp/hard/libc_nano.a(libc_a-lock.o)
                0x20000c24                __lock___malloc_recursive_mutex
 .bss.__lock___sfp_recursive_mutex
                0x20000c25        0x1 /Applications/STM32CubeIDE.app/Contents/Eclipse/plugins/com.st.stm32cube.ide.mcu.externaltools.gnu-tools-for-stm32.12.3.rel1.macos64_1.0.100.202403111906/tools/bin/../lib/gcc/arm-none-eabi/12.3.1/../../../../arm-none-eabi/lib/thumb/v7e-m+fp/hard/libc_nano.a(libc_a-lock.o)
                0x20000c25                __lock___sfp_recursive_mutex
 *fill*         0x20000c26        0x2 
 .bss.errno     0x20000c28        0x4 /Applications/STM32CubeIDE.app/Contents/Eclipse/plugins/com.st.stm32cube.ide.mcu.externaltools.gnu-tools-for-stm32.12.3.rel1.macos64_1.0.100.202403111906/tools/bin/../lib/gcc/arm-none-eabi/12.3.1/../../../../arm-none-eabi/lib/thumb/v7e-m+fp/hard/libc_nano.a(libc_a-reent.o)
                0x20000c28                errno
 *(COMMON)
                0x20000c2c                        . = ALIGN (0x4)
                0x20000c2c                        _ebss = .
                0x20000c2c                        __bss_end__ = _ebss

._user_heap_stack
                0x20000c2c     0x1004
                0x20000c30                        . = ALIGN (0x8)
 *fill*         0x20000c2c        0x4 
                [!provide]                        PROVIDE (end = .)
                0x20000c30                        PROVIDE (_end = .)
                0x20001430                        . = (. + _Min_Heap_Size)
 *fill*         0x20000c30      0x800 
                0x20001c30                        . = (. + _Min_Stack_Size)
 *fill*         0x20001430      0x800 
                0x20001c30                        . = ALIGN (0x8)

/DISCARD/
 libc.a(*)
 libm.a(*)
 libgcc.a(*)

.ARM.attributes
                0x00000000       0x30
 *(.ARM.attributes)
 .ARM.attributes
                0x00000000       0x22 /Applications/STM32CubeIDE.app/Contents/Eclipse/plugins/com.st.stm32cube.ide.mcu.externaltools.gnu-tools-for-stm32.12.3.rel1.macos64_1.0.100.202403111906/tools/bin/../lib/gcc/arm-none-eabi/12.3.1/thumb/v7e-m+fp/hard/crti.o
 .ARM.attributes
                0x00000022       0x34 /Applications/STM32CubeIDE.app/Contents/Eclipse/plugins/com.st.stm32cube.ide.mcu.externaltools.gnu-tools-for-stm32.12.3.rel1.macos64_1.0.100.202403111906/tools/bin/../lib/gcc/arm-none-eabi/12.3.1/thumb/v7e-m+fp/hard/crtbegin.o
 .ARM.attributes
                0x00000056       0x34 ./Core/Src/main.o
 .ARM.attributes
                0x0000008a       0x34 ./Core/Src/stm32f4xx_hal_msp.o
 .ARM.attributes
                0x000000be       0x34 ./Core/Src/stm32f4xx_it.o
 .ARM.attributes
                0x000000f2       0x34 ./Core/Src/sysmem.o
 .ARM.attributes
                0x00000126       0x34 ./Core/Src/system_stm32f4xx.o
 .ARM.attributes
                0x0000015a       0x21 ./Core/Startup/startup_stm32f429zitx.o
 .ARM.attributes
                0x0000017b       0x34 ./Drivers/STM32F4xx_HAL_Driver/Src/stm32f4xx_hal.o
 .ARM.attributes
                0x000001af       0x34 ./Drivers/STM32F4xx_HAL_Driver/Src/stm32f4xx_hal_cortex.o
 .ARM.attributes
                0x000001e3       0x34 ./Drivers/STM32F4xx_HAL_Driver/Src/stm32f4xx_hal_pwr_ex.o
 .ARM.attributes
                0x00000217       0x34 ./Drivers/STM32F4xx_HAL_Driver/Src/stm32f4xx_hal_rcc.o
 .ARM.attributes
                0x0000024b       0x34 ./X-CUBE-AI/App/app_x-cube-ai.o
 .ARM.attributes
                0x0000027f       0x34 ./X-CUBE-AI/App/nlp.o
 .ARM.attributes
                0x000002b3       0x34 ./X-CUBE-AI/App/nlp_data.o
 .ARM.attributes
                0x000002e7       0x34 ./X-CUBE-AI/App/nlp_data_params.o
 .ARM.attributes
                0x0000031b       0x30 ../Middlewares/ST/AI/Lib/NetworkRuntime900_CM4_GCC.a(ai_platform.o)
 .ARM.attributes
                0x0000034b       0x30 ../Middlewares/ST/AI/Lib/NetworkRuntime900_CM4_GCC.a(ai_platform_interface.o)
 .ARM.attributes
                0x0000037b       0x30 ../Middlewares/ST/AI/Lib/NetworkRuntime900_CM4_GCC.a(core_common.o)
 .ARM.attributes
                0x000003ab       0x30 ../Middlewares/ST/AI/Lib/NetworkRuntime900_CM4_GCC.a(layers.o)
 .ARM.attributes
                0x000003db       0x30 ../Middlewares/ST/AI/Lib/NetworkRuntime900_CM4_GCC.a(layers_conv2d_generic_float.o)
 .ARM.attributes
                0x0000040b       0x30 ../Middlewares/ST/AI/Lib/NetworkRuntime900_CM4_GCC.a(layers_nl_generic_float.o)
 .ARM.attributes
                0x0000043b       0x30 ../Middlewares/ST/AI/Lib/NetworkRuntime900_CM4_GCC.a(lite_nl_relu_if32of32.o)
 .ARM.attributes
                0x0000046b       0x30 ../Middlewares/ST/AI/Lib/NetworkRuntime900_CM4_GCC.a(lite_dense_if32.o)
 .ARM.attributes
                0x0000049b       0x30 ../Middlewares/ST/AI/Lib/NetworkRuntime900_CM4_GCC.a(st_int8_fill.o)
 .ARM.attributes
                0x000004cb       0x30 ../Middlewares/ST/AI/Lib/NetworkRuntime900_CM4_GCC.a(ai_datatypes_format.o)
 .ARM.attributes
                0x000004fb       0x30 ../Middlewares/ST/AI/Lib/NetworkRuntime900_CM4_GCC.a(ai_datatypes_internal.o)
 .ARM.attributes
                0x0000052b       0x34 /Applications/STM32CubeIDE.app/Contents/Eclipse/plugins/com.st.stm32cube.ide.mcu.externaltools.gnu-tools-for-stm32.12.3.rel1.macos64_1.0.100.202403111906/tools/bin/../lib/gcc/arm-none-eabi/12.3.1/../../../../arm-none-eabi/lib/thumb/v7e-m+fp/hard/libc_nano.a(libc_a-mallocr.o)
 .ARM.attributes
                0x0000055f       0x34 /Applications/STM32CubeIDE.app/Contents/Eclipse/plugins/com.st.stm32cube.ide.mcu.externaltools.gnu-tools-for-stm32.12.3.rel1.macos64_1.0.100.202403111906/tools/bin/../lib/gcc/arm-none-eabi/12.3.1/../../../../arm-none-eabi/lib/thumb/v7e-m+fp/hard/libc_nano.a(libc_a-mlock.o)
 .ARM.attributes
                0x00000593       0x34 /Applications/STM32CubeIDE.app/Contents/Eclipse/plugins/com.st.stm32cube.ide.mcu.externaltools.gnu-tools-for-stm32.12.3.rel1.macos64_1.0.100.202403111906/tools/bin/../lib/gcc/arm-none-eabi/12.3.1/../../../../arm-none-eabi/lib/thumb/v7e-m+fp/hard/libc_nano.a(libc_a-findfp.o)
 .ARM.attributes
                0x000005c7       0x34 /Applications/STM32CubeIDE.app/Contents/Eclipse/plugins/com.st.stm32cube.ide.mcu.externaltools.gnu-tools-for-stm32.12.3.rel1.macos64_1.0.100.202403111906/tools/bin/../lib/gcc/arm-none-eabi/12.3.1/../../../../arm-none-eabi/lib/thumb/v7e-m+fp/hard/libc_nano.a(libc_a-fwalk.o)
 .ARM.attributes
                0x000005fb       0x34 /Applications/STM32CubeIDE.app/Contents/Eclipse/plugins/com.st.stm32cube.ide.mcu.externaltools.gnu-tools-for-stm32.12.3.rel1.macos64_1.0.100.202403111906/tools/bin/../lib/gcc/arm-none-eabi/12.3.1/../../../../arm-none-eabi/lib/thumb/v7e-m+fp/hard/libc_nano.a(libc_a-printf.o)
 .ARM.attributes
                0x0000062f       0x34 /Applications/STM32CubeIDE.app/Contents/Eclipse/plugins/com.st.stm32cube.ide.mcu.externaltools.gnu-tools-for-stm32.12.3.rel1.macos64_1.0.100.202403111906/tools/bin/../lib/gcc/arm-none-eabi/12.3.1/../../../../arm-none-eabi/lib/thumb/v7e-m+fp/hard/libc_nano.a(libc_a-puts.o)
 .ARM.attributes
                0x00000663       0x34 /Applications/STM32CubeIDE.app/Contents/Eclipse/plugins/com.st.stm32cube.ide.mcu.externaltools.gnu-tools-for-stm32.12.3.rel1.macos64_1.0.100.202403111906/tools/bin/../lib/gcc/arm-none-eabi/12.3.1/../../../../arm-none-eabi/lib/thumb/v7e-m+fp/hard/libc_nano.a(libc_a-memset.o)
 .ARM.attributes
                0x00000697       0x34 /Applications/STM32CubeIDE.app/Contents/Eclipse/plugins/com.st.stm32cube.ide.mcu.externaltools.gnu-tools-for-stm32.12.3.rel1.macos64_1.0.100.202403111906/tools/bin/../lib/gcc/arm-none-eabi/12.3.1/../../../../arm-none-eabi/lib/thumb/v7e-m+fp/hard/libc_nano.a(libc_a-impure.o)
 .ARM.attributes
                0x000006cb       0x34 /Applications/STM32CubeIDE.app/Contents/Eclipse/plugins/com.st.stm32cube.ide.mcu.externaltools.gnu-tools-for-stm32.12.3.rel1.macos64_1.0.100.202403111906/tools/bin/../lib/gcc/arm-none-eabi/12.3.1/../../../../arm-none-eabi/lib/thumb/v7e-m+fp/hard/libc_nano.a(libc_a-sbrkr.o)
 .ARM.attributes
                0x000006ff       0x34 /Applications/STM32CubeIDE.app/Contents/Eclipse/plugins/com.st.stm32cube.ide.mcu.externaltools.gnu-tools-for-stm32.12.3.rel1.macos64_1.0.100.202403111906/tools/bin/../lib/gcc/arm-none-eabi/12.3.1/../../../../arm-none-eabi/lib/thumb/v7e-m+fp/hard/libc_nano.a(libc_a-errno.o)
 .ARM.attributes
                0x00000733       0x34 /Applications/STM32CubeIDE.app/Contents/Eclipse/plugins/com.st.stm32cube.ide.mcu.externaltools.gnu-tools-for-stm32.12.3.rel1.macos64_1.0.100.202403111906/tools/bin/../lib/gcc/arm-none-eabi/12.3.1/../../../../arm-none-eabi/lib/thumb/v7e-m+fp/hard/libc_nano.a(libc_a-init.o)
 .ARM.attributes
                0x00000767       0x34 /Applications/STM32CubeIDE.app/Contents/Eclipse/plugins/com.st.stm32cube.ide.mcu.externaltools.gnu-tools-for-stm32.12.3.rel1.macos64_1.0.100.202403111906/tools/bin/../lib/gcc/arm-none-eabi/12.3.1/../../../../arm-none-eabi/lib/thumb/v7e-m+fp/hard/libc_nano.a(libc_a-lock.o)
 .ARM.attributes
                0x0000079b       0x17 /Applications/STM32CubeIDE.app/Contents/Eclipse/plugins/com.st.stm32cube.ide.mcu.externaltools.gnu-tools-for-stm32.12.3.rel1.macos64_1.0.100.202403111906/tools/bin/../lib/gcc/arm-none-eabi/12.3.1/../../../../arm-none-eabi/lib/thumb/v7e-m+fp/hard/libc_nano.a(libc_a-strlen.o)
 .ARM.attributes
                0x000007b2       0x34 /Applications/STM32CubeIDE.app/Contents/Eclipse/plugins/com.st.stm32cube.ide.mcu.externaltools.gnu-tools-for-stm32.12.3.rel1.macos64_1.0.100.202403111906/tools/bin/../lib/gcc/arm-none-eabi/12.3.1/../../../../arm-none-eabi/lib/thumb/v7e-m+fp/hard/libc_nano.a(libc_a-freer.o)
 .ARM.attributes
                0x000007e6       0x34 /Applications/STM32CubeIDE.app/Contents/Eclipse/plugins/com.st.stm32cube.ide.mcu.externaltools.gnu-tools-for-stm32.12.3.rel1.macos64_1.0.100.202403111906/tools/bin/../lib/gcc/arm-none-eabi/12.3.1/../../../../arm-none-eabi/lib/thumb/v7e-m+fp/hard/libc_nano.a(libc_a-nano-vfprintf.o)
 .ARM.attributes
                0x0000081a       0x34 /Applications/STM32CubeIDE.app/Contents/Eclipse/plugins/com.st.stm32cube.ide.mcu.externaltools.gnu-tools-for-stm32.12.3.rel1.macos64_1.0.100.202403111906/tools/bin/../lib/gcc/arm-none-eabi/12.3.1/../../../../arm-none-eabi/lib/thumb/v7e-m+fp/hard/libc_nano.a(libc_a-nano-vfprintf_i.o)
 .ARM.attributes
                0x0000084e       0x34 /Applications/STM32CubeIDE.app/Contents/Eclipse/plugins/com.st.stm32cube.ide.mcu.externaltools.gnu-tools-for-stm32.12.3.rel1.macos64_1.0.100.202403111906/tools/bin/../lib/gcc/arm-none-eabi/12.3.1/../../../../arm-none-eabi/lib/thumb/v7e-m+fp/hard/libc_nano.a(libc_a-fflush.o)
 .ARM.attributes
                0x00000882       0x34 /Applications/STM32CubeIDE.app/Contents/Eclipse/plugins/com.st.stm32cube.ide.mcu.externaltools.gnu-tools-for-stm32.12.3.rel1.macos64_1.0.100.202403111906/tools/bin/../lib/gcc/arm-none-eabi/12.3.1/../../../../arm-none-eabi/lib/thumb/v7e-m+fp/hard/libc_nano.a(libc_a-stdio.o)
 .ARM.attributes
                0x000008b6       0x34 /Applications/STM32CubeIDE.app/Contents/Eclipse/plugins/com.st.stm32cube.ide.mcu.externaltools.gnu-tools-for-stm32.12.3.rel1.macos64_1.0.100.202403111906/tools/bin/../lib/gcc/arm-none-eabi/12.3.1/../../../../arm-none-eabi/lib/thumb/v7e-m+fp/hard/libc_nano.a(libc_a-wbuf.o)
 .ARM.attributes
                0x000008ea       0x34 /Applications/STM32CubeIDE.app/Contents/Eclipse/plugins/com.st.stm32cube.ide.mcu.externaltools.gnu-tools-for-stm32.12.3.rel1.macos64_1.0.100.202403111906/tools/bin/../lib/gcc/arm-none-eabi/12.3.1/../../../../arm-none-eabi/lib/thumb/v7e-m+fp/hard/libc_nano.a(libc_a-wsetup.o)
 .ARM.attributes
                0x0000091e       0x34 /Applications/STM32CubeIDE.app/Contents/Eclipse/plugins/com.st.stm32cube.ide.mcu.externaltools.gnu-tools-for-stm32.12.3.rel1.macos64_1.0.100.202403111906/tools/bin/../lib/gcc/arm-none-eabi/12.3.1/../../../../arm-none-eabi/lib/thumb/v7e-m+fp/hard/libc_nano.a(libc_a-makebuf.o)
 .ARM.attributes
                0x00000952       0x34 /Applications/STM32CubeIDE.app/Contents/Eclipse/plugins/com.st.stm32cube.ide.mcu.externaltools.gnu-tools-for-stm32.12.3.rel1.macos64_1.0.100.202403111906/tools/bin/../lib/gcc/arm-none-eabi/12.3.1/../../../../arm-none-eabi/lib/thumb/v7e-m+fp/hard/libc_nano.a(libc_a-closer.o)
 .ARM.attributes
                0x00000986       0x34 /Applications/STM32CubeIDE.app/Contents/Eclipse/plugins/com.st.stm32cube.ide.mcu.externaltools.gnu-tools-for-stm32.12.3.rel1.macos64_1.0.100.202403111906/tools/bin/../lib/gcc/arm-none-eabi/12.3.1/../../../../arm-none-eabi/lib/thumb/v7e-m+fp/hard/libc_nano.a(libc_a-reent.o)
 .ARM.attributes
                0x000009ba       0x34 /Applications/STM32CubeIDE.app/Contents/Eclipse/plugins/com.st.stm32cube.ide.mcu.externaltools.gnu-tools-for-stm32.12.3.rel1.macos64_1.0.100.202403111906/tools/bin/../lib/gcc/arm-none-eabi/12.3.1/../../../../arm-none-eabi/lib/thumb/v7e-m+fp/hard/libc_nano.a(libc_a-fstatr.o)
 .ARM.attributes
                0x000009ee       0x34 /Applications/STM32CubeIDE.app/Contents/Eclipse/plugins/com.st.stm32cube.ide.mcu.externaltools.gnu-tools-for-stm32.12.3.rel1.macos64_1.0.100.202403111906/tools/bin/../lib/gcc/arm-none-eabi/12.3.1/../../../../arm-none-eabi/lib/thumb/v7e-m+fp/hard/libc_nano.a(libc_a-isattyr.o)
 .ARM.attributes
                0x00000a22       0x34 /Applications/STM32CubeIDE.app/Contents/Eclipse/plugins/com.st.stm32cube.ide.mcu.externaltools.gnu-tools-for-stm32.12.3.rel1.macos64_1.0.100.202403111906/tools/bin/../lib/gcc/arm-none-eabi/12.3.1/../../../../arm-none-eabi/lib/thumb/v7e-m+fp/hard/libc_nano.a(libc_a-lseekr.o)
 .ARM.attributes
                0x00000a56       0x34 /Applications/STM32CubeIDE.app/Contents/Eclipse/plugins/com.st.stm32cube.ide.mcu.externaltools.gnu-tools-for-stm32.12.3.rel1.macos64_1.0.100.202403111906/tools/bin/../lib/gcc/arm-none-eabi/12.3.1/../../../../arm-none-eabi/lib/thumb/v7e-m+fp/hard/libc_nano.a(libc_a-readr.o)
 .ARM.attributes
                0x00000a8a       0x34 /Applications/STM32CubeIDE.app/Contents/Eclipse/plugins/com.st.stm32cube.ide.mcu.externaltools.gnu-tools-for-stm32.12.3.rel1.macos64_1.0.100.202403111906/tools/bin/../lib/gcc/arm-none-eabi/12.3.1/../../../../arm-none-eabi/lib/thumb/v7e-m+fp/hard/libc_nano.a(libc_a-writer.o)
 .ARM.attributes
                0x00000abe       0x1c /Applications/STM32CubeIDE.app/Contents/Eclipse/plugins/com.st.stm32cube.ide.mcu.externaltools.gnu-tools-for-stm32.12.3.rel1.macos64_1.0.100.202403111906/tools/bin/../lib/gcc/arm-none-eabi/12.3.1/../../../../arm-none-eabi/lib/thumb/v7e-m+fp/hard/libc_nano.a(libc_a-memchr.o)
 .ARM.attributes
                0x00000ada       0x34 /Applications/STM32CubeIDE.app/Contents/Eclipse/plugins/com.st.stm32cube.ide.mcu.externaltools.gnu-tools-for-stm32.12.3.rel1.macos64_1.0.100.202403111906/tools/bin/../lib/gcc/arm-none-eabi/12.3.1/../../../../arm-none-eabi/lib/thumb/v7e-m+fp/hard/libm.a(libm_a-wf_exp.o)
 .ARM.attributes
                0x00000b0e       0x34 /Applications/STM32CubeIDE.app/Contents/Eclipse/plugins/com.st.stm32cube.ide.mcu.externaltools.gnu-tools-for-stm32.12.3.rel1.macos64_1.0.100.202403111906/tools/bin/../lib/gcc/arm-none-eabi/12.3.1/../../../../arm-none-eabi/lib/thumb/v7e-m+fp/hard/libm.a(libm_a-sf_finite.o)
 .ARM.attributes
                0x00000b42       0x34 /Applications/STM32CubeIDE.app/Contents/Eclipse/plugins/com.st.stm32cube.ide.mcu.externaltools.gnu-tools-for-stm32.12.3.rel1.macos64_1.0.100.202403111906/tools/bin/../lib/gcc/arm-none-eabi/12.3.1/../../../../arm-none-eabi/lib/thumb/v7e-m+fp/hard/libm.a(libm_a-ef_exp.o)
 .ARM.attributes
                0x00000b76       0x34 /Applications/STM32CubeIDE.app/Contents/Eclipse/plugins/com.st.stm32cube.ide.mcu.externaltools.gnu-tools-for-stm32.12.3.rel1.macos64_1.0.100.202403111906/tools/bin/../lib/gcc/arm-none-eabi/12.3.1/../../../../arm-none-eabi/lib/thumb/v7e-m+fp/hard/libm.a(libm_a-math_errf.o)
 .ARM.attributes
                0x00000baa       0x22 /Applications/STM32CubeIDE.app/Contents/Eclipse/plugins/com.st.stm32cube.ide.mcu.externaltools.gnu-tools-for-stm32.12.3.rel1.macos64_1.0.100.202403111906/tools/bin/../lib/gcc/arm-none-eabi/12.3.1/thumb/v7e-m+fp/hard/libgcc.a(_aeabi_uldivmod.o)
 .ARM.attributes
                0x00000bcc       0x34 /Applications/STM32CubeIDE.app/Contents/Eclipse/plugins/com.st.stm32cube.ide.mcu.externaltools.gnu-tools-for-stm32.12.3.rel1.macos64_1.0.100.202403111906/tools/bin/../lib/gcc/arm-none-eabi/12.3.1/thumb/v7e-m+fp/hard/libgcc.a(_udivmoddi4.o)
 .ARM.attributes
                0x00000c00       0x22 /Applications/STM32CubeIDE.app/Contents/Eclipse/plugins/com.st.stm32cube.ide.mcu.externaltools.gnu-tools-for-stm32.12.3.rel1.macos64_1.0.100.202403111906/tools/bin/../lib/gcc/arm-none-eabi/12.3.1/thumb/v7e-m+fp/hard/libgcc.a(_dvmd_tls.o)
 .ARM.attributes
                0x00000c22       0x34 /Applications/STM32CubeIDE.app/Contents/Eclipse/plugins/com.st.stm32cube.ide.mcu.externaltools.gnu-tools-for-stm32.12.3.rel1.macos64_1.0.100.202403111906/tools/bin/../lib/gcc/arm-none-eabi/12.3.1/../../../../arm-none-eabi/lib/thumb/v7e-m+fp/hard/libnosys.a(close.o)
 .ARM.attributes
                0x00000c56       0x34 /Applications/STM32CubeIDE.app/Contents/Eclipse/plugins/com.st.stm32cube.ide.mcu.externaltools.gnu-tools-for-stm32.12.3.rel1.macos64_1.0.100.202403111906/tools/bin/../lib/gcc/arm-none-eabi/12.3.1/../../../../arm-none-eabi/lib/thumb/v7e-m+fp/hard/libnosys.a(fstat.o)
 .ARM.attributes
                0x00000c8a       0x34 /Applications/STM32CubeIDE.app/Contents/Eclipse/plugins/com.st.stm32cube.ide.mcu.externaltools.gnu-tools-for-stm32.12.3.rel1.macos64_1.0.100.202403111906/tools/bin/../lib/gcc/arm-none-eabi/12.3.1/../../../../arm-none-eabi/lib/thumb/v7e-m+fp/hard/libnosys.a(isatty.o)
 .ARM.attributes
                0x00000cbe       0x34 /Applications/STM32CubeIDE.app/Contents/Eclipse/plugins/com.st.stm32cube.ide.mcu.externaltools.gnu-tools-for-stm32.12.3.rel1.macos64_1.0.100.202403111906/tools/bin/../lib/gcc/arm-none-eabi/12.3.1/../../../../arm-none-eabi/lib/thumb/v7e-m+fp/hard/libnosys.a(lseek.o)
 .ARM.attributes
                0x00000cf2       0x34 /Applications/STM32CubeIDE.app/Contents/Eclipse/plugins/com.st.stm32cube.ide.mcu.externaltools.gnu-tools-for-stm32.12.3.rel1.macos64_1.0.100.202403111906/tools/bin/../lib/gcc/arm-none-eabi/12.3.1/../../../../arm-none-eabi/lib/thumb/v7e-m+fp/hard/libnosys.a(read.o)
 .ARM.attributes
                0x00000d26       0x34 /Applications/STM32CubeIDE.app/Contents/Eclipse/plugins/com.st.stm32cube.ide.mcu.externaltools.gnu-tools-for-stm32.12.3.rel1.macos64_1.0.100.202403111906/tools/bin/../lib/gcc/arm-none-eabi/12.3.1/../../../../arm-none-eabi/lib/thumb/v7e-m+fp/hard/libnosys.a(write.o)
 .ARM.attributes
                0x00000d5a       0x22 /Applications/STM32CubeIDE.app/Contents/Eclipse/plugins/com.st.stm32cube.ide.mcu.externaltools.gnu-tools-for-stm32.12.3.rel1.macos64_1.0.100.202403111906/tools/bin/../lib/gcc/arm-none-eabi/12.3.1/thumb/v7e-m+fp/hard/crtn.o
OUTPUT(nlp_twitter_sentiment.elf elf32-littlearm)
LOAD linker stubs
LOAD /Applications/STM32CubeIDE.app/Contents/Eclipse/plugins/com.st.stm32cube.ide.mcu.externaltools.gnu-tools-for-stm32.12.3.rel1.macos64_1.0.100.202403111906/tools/bin/../lib/gcc/arm-none-eabi/12.3.1/../../../../arm-none-eabi/lib/thumb/v7e-m+fp/hard/libc.a